[2026-04-11T01:31:09.633Z] GET https://retro.app/ → pending (?ms, ?B)
[2026-04-11T01:31:10.369Z] GET https://retro.app/_next/static/css/c857ab11667cdfc8.css → 200 (102ms, 2115B)
[2026-04-11T01:31:10.370Z] GET https://retro.app/_next/static/css/20820a18b637b408.css → 200 (100ms, 12262B)
[2026-04-11T01:31:10.370Z] GET https://retro.app/_next/static/chunks/webpack-335dccf94a459538.js → 200 (177ms, 2338B)
[2026-04-11T01:31:10.370Z] GET https://retro.app/_next/static/chunks/framework-0c7baedefba6b077.js → 200 (183ms, 141047B)
[2026-04-11T01:31:10.370Z] GET https://retro.app/_next/static/chunks/main-ccacd069f2040b75.js → 200 (181ms, 130966B)
[2026-04-11T01:31:10.370Z] GET https://retro.app/_next/static/chunks/pages/_app-079417aa577ac3f9.js → 200 (183ms, 881B)
[2026-04-11T01:31:10.370Z] GET https://retro.app/_next/static/chunks/664-0356555cfd50fb3d.js → 200 (183ms, 6526B)
[2026-04-11T01:31:10.370Z] GET https://retro.app/_next/static/chunks/968-bc407db149e213f6.js → 200 (182ms, 119028B)
[2026-04-11T01:31:10.370Z] GET https://retro.app/_next/static/chunks/pages/index-b4ef6001943acfe7.js → 200 (182ms, 17284B)
[2026-04-11T01:31:10.370Z] GET https://retro.app/_next/static/9Yk3SguWvr8cTejud9AJE/_buildManifest.js → 200 (102ms, 1720B)
[2026-04-11T01:31:10.370Z] GET https://retro.app/_next/static/9Yk3SguWvr8cTejud9AJE/_ssgManifest.js → 200 (207ms, 77B)
[2026-04-11T01:31:10.370Z] GET https://retro.app/Download_on_the_App_Store.svg → 200 (176ms, 10804B)
[2026-04-11T01:31:10.371Z] GET https://retro.app/Download_on_Google_Play.png → 200 (93ms, 15309B)
[2026-04-11T01:31:10.539Z] GET https://retro.app/_next/static/media/retro-icon.5feb3587.png → 200 (7ms, 82215B)
[2026-04-11T01:31:10.539Z] GET https://retro.app/logo_white.png → 200 (8ms, 7808B)
[2026-04-11T01:31:10.539Z] GET https://retro.app/RoslindaleRetrov0.2-Regular.woff2 → 200 (28ms, 38000B)
[2026-04-11T01:31:10.608Z] GET https://retro.app/image7.jpeg → 200 (18ms, 176892B)
[2026-04-11T01:31:10.621Z] GET https://retro.app/_next/static/chunks/675-d3ebc23ed35e922d.js → 200 (15ms, 9683B)
[2026-04-11T01:31:10.621Z] GET https://retro.app/_next/static/chunks/pages/ethos-1f8861ea747379e0.js → 200 (28ms, 10171B)
[2026-04-11T01:31:10.621Z] GET https://retro.app/_next/static/chunks/pages/careers-2023c8f78ffcb13b.js → 200 (15ms, 5370B)
[2026-04-11T01:31:10.646Z] GET https://retro.app/_next/static/chunks/675-d3ebc23ed35e922d.js → 200 (1ms, 9683B)
[2026-04-11T01:31:10.646Z] GET https://retro.app/_next/static/chunks/pages/careers-2023c8f78ffcb13b.js → 200 (1ms, 5370B)
[2026-04-11T01:31:10.647Z] GET https://retro.app/_next/static/css/347fff6ff9ada38c.css → 200 (16ms, 11247B)
[2026-04-11T01:31:10.666Z] GET https://retro.app/_next/static/chunks/pages/ethos-1f8861ea747379e0.js → 200 (?ms, 10171B)
[2026-04-11T01:31:11.113Z] GET https://retro.app/image6.jpeg → 200 (13ms, 149056B)
[2026-04-11T01:31:11.612Z] GET https://retro.app/image5.jpeg → 200 (16ms, 293306B)
[2026-04-11T01:31:12.113Z] GET https://retro.app/image4.jpeg → 200 (25ms, 127124B)
[2026-04-11T01:31:12.613Z] GET https://retro.app/image3.jpeg → 200 (20ms, 188198B)
[2026-04-11T01:31:13.113Z] GET https://retro.app/image2.jpeg → 200 (20ms, 220164B)
[2026-04-11T01:31:13.613Z] GET https://retro.app/image1.jpeg → 200 (20ms, 120345B)
[2026-04-11T01:31:14.131Z] GET https://retro.app/plus.png → 200 (22ms, 5815B)
[2026-04-11T01:31:17.281Z] GET https://retro.app/postcardTest.png → 200 (19ms, 681975B)
[2026-04-11T01:31:30.489Z] GET https://locketcamera.com/ → 301 (311ms, ?B)
[2026-04-11T01:31:30.800Z] GET https://locket.camera/ → pending (?ms, ?B)
[2026-04-11T01:31:31.321Z] GET https://www.googletagmanager.com/gtag/js?id=G-B3TW13S2Y9 → 200 (643ms, ?B)
[2026-04-11T01:31:31.329Z] GET https://itunes.apple.com/app/id1600525061 → 301 (618ms, ?B)
[2026-04-11T01:31:31.948Z] GET https://apps.apple.com/app/id1600525061 → pending (?ms, ?B)
[2026-04-11T01:31:32.012Z] POST https://www.google-analytics.com/g/collect?v=2&tid=G-B3TW13S2Y9&gtm=45je6481v885780566za200zd885780566&_p=1775871091323&gcd=13l3l3l3l1l1&npa=0&dma=0&are=1&cid=509570729.1775871092&frm=0&pscdl=noapi&rcb=4&sr=1280x720&uaa=arm&uab=64&uafvl=Not%253AA-Brand%3B99.0.0.0%7CHeadlessChrome%3B145.0.7632.6%7CChromium%3B145.0.7632.6&uam=&uamb=0&uap=macOS&uapv=26.3.0&uaw=0&ul=en-us&_s=1&tag_exp=0~115616986~115938465~115938468~118442251&sid=1775871091&sct=1&seg=0&dl=https%3A%2F%2Flocket.camera%2F&dt=Locket%20Widget&en=page_view&_fv=1&_nsi=1&_ss=1&_ee=1&tfd=1528 → pending (?ms, ?B)
[2026-04-11T01:31:32.209Z] GET https://apps.apple.com/us/app/locket-widget/id1600525061 → 200 (282ms, 676447B)
[2026-04-11T01:31:32.497Z] GET https://www.apple.com/wss/fonts?families=SF+Pro,v4%7CSF+Pro+Icons,v1&display=swap → 200 (391ms, ?B)
[2026-04-11T01:31:32.497Z] GET https://apps.apple.com/assets/index~t6CKdDGlgZ.js → 200 (85ms, 2291079B)
[2026-04-11T01:31:32.497Z] GET https://apps.apple.com/assets/index~DCzkNRhHX7.css → 200 (9ms, 375699B)
[2026-04-11T01:31:32.497Z] GET https://is1-ssl.mzstatic.com/image/thumb/PurpleSource211/v4/78/ed/35/78ed3518-01da-a8bf-ad30-042d4e0b33fa/Placeholder.mill/200x200bb-75.webp → 200 (423ms, ?B)
[2026-04-11T01:31:32.918Z] GET https://apps.apple.com/assets/index~C16D7IckKX.js → pending (?ms, ?B)
[2026-04-11T01:31:32.918Z] GET https://apps.apple.com/assets/version~BNUm1OH-k3.js → pending (?ms, ?B)
[2026-04-11T01:31:32.918Z] GET https://apps.apple.com/assets/mt-perfkit.esm~BKZoTKymeC.js → pending (?ms, ?B)
[2026-04-11T01:31:32.918Z] GET https://apps.apple.com/assets/mt-event-queue.esm~Bv4iDGCd5U.js → pending (?ms, ?B)
[2026-04-11T01:31:32.918Z] GET https://apps.apple.com/assets/mt-client-logger-core.esm~C76Ol5FZ_o.js → pending (?ms, ?B)
[2026-04-11T01:31:32.918Z] GET https://apps.apple.com/assets/mt-metricskit-delegates-html.esm~B1tIUL6Qon.js → pending (?ms, ?B)
[2026-04-11T01:31:32.918Z] GET https://apps.apple.com/assets/mt-client-config~BYnp0-zxEl.js → pending (?ms, ?B)
[2026-04-11T01:31:32.918Z] GET https://apps.apple.com/assets/mt-metricskit-processor-clickstream.esm~BRd_H7lt9Y.js → pending (?ms, ?B)
[2026-04-11T01:31:32.918Z] GET https://apps.apple.com/assets/mt-metricskit-utils-private.esm~DkzakSThTT.js → pending (?ms, ?B)
[2026-04-11T01:31:32.920Z] GET https://apps.apple.com/assets/mt-client-logger-core.esm~-rJfHcY8Zf.js → pending (?ms, ?B)
[2026-04-11T01:31:32.920Z] GET https://apps.apple.com/assets/mt-metricskit-delegates-web.esm~C4cdYnvnOP.js → pending (?ms, ?B)
[2026-04-11T01:31:32.920Z] GET https://apps.apple.com/assets/translations~Ce6H0D_51c.js → pending (?ms, ?B)
[2026-04-11T01:31:33.113Z] GET https://apps.apple.com/assets/icons/sidebar-searchfield-close-on-light.svg → 200 (3ms, 939B)
[2026-04-11T01:31:33.113Z] GET https://is1-ssl.mzstatic.com/image/thumb/PurpleSource211/v4/78/ed/35/78ed3518-01da-a8bf-ad30-042d4e0b33fa/Placeholder.mill/400x400bb.webp → 200 (5ms, 8570B)
[2026-04-11T01:31:33.113Z] GET https://apps.apple.com/assets/images/masks/iphone-6-5-mask.svg → 200 (2ms, 486B)
[2026-04-11T01:31:33.113Z] GET https://apps.apple.com/assets/fonts/locale-switcher/ArabicUIText-Regular-subset.woff2 → 200 (108ms, 9376B)
[2026-04-11T01:31:33.114Z] GET https://is1-ssl.mzstatic.com/image/thumb/Features126/v4/e5/77/19/e57719b9-42de-af25-7ccd-9be8a082ddcf/7b2c7800-354d-45f4-8f9f-150e0d690ae2.png/48x48bb.webp → 200 (97ms, 3760B)
[2026-04-11T01:31:33.114Z] GET https://is1-ssl.mzstatic.com/image/thumb/PurpleSource211/v4/6f/7f/43/6f7f434b-a6f1-3a56-52e1-ce0d5f278c87/en_1.jpg/157x340bb.webp → 200 (103ms, 8088B)
[2026-04-11T01:31:33.114Z] GET https://is1-ssl.mzstatic.com/image/thumb/PurpleSource211/v4/7e/54/4c/7e544c58-7dd3-d84f-927c-1cc9758af40f/en_2.jpg/157x340bb.webp → 200 (99ms, 8894B)
[2026-04-11T01:31:33.114Z] GET https://is1-ssl.mzstatic.com/image/thumb/PurpleSource221/v4/5b/53/e3/5b53e35d-212b-87ce-e042-9ac9d919f1f5/en_7.jpg/157x340bb.webp → 200 (99ms, 9998B)
[2026-04-11T01:31:33.114Z] GET https://is1-ssl.mzstatic.com/image/thumb/PurpleSource221/v4/00/2d/f8/002df89b-bc59-11d3-ea37-a343cf9c5d23/en_3.jpg/157x340bb.webp → 200 (104ms, 8120B)
[2026-04-11T01:31:33.114Z] GET https://is1-ssl.mzstatic.com/image/thumb/Purple116/v4/a9/ec/c8/a9ecc841-741b-c5f3-665c-cb91dce46e09/AppIcon-0-1x_U007ephone-0-85-220.png/64x64ia-75.webp → 200 (100ms, 4074B)
[2026-04-11T01:31:33.115Z] GET https://is1-ssl.mzstatic.com/image/thumb/Purple211/v4/1e/eb/98/1eeb9863-7f32-8212-8c80-c9b0d666424d/AppIcon-0-0-1x_U007emarketing-0-10-0-85-220.png/64x64ia-75.webp → 200 (102ms, 4388B)
[2026-04-11T01:31:33.115Z] GET https://is1-ssl.mzstatic.com/image/thumb/PurpleSource211/v4/ce/db/f6/cedbf639-bf48-dbec-334e-dc181fdff9f7/Placeholder.mill/64x64bb-75.webp → 200 (105ms, 4522B)
[2026-04-11T01:31:33.115Z] GET https://is1-ssl.mzstatic.com/image/thumb/PurpleSource211/v4/a1/02/46/a10246d2-411a-204b-d9fe-4c0528fac0d0/Placeholder.mill/64x64bb-75.webp → 200 (99ms, 4506B)
[2026-04-11T01:31:33.115Z] GET https://is1-ssl.mzstatic.com/image/thumb/PurpleSource221/v4/bf/2e/ad/bf2ead31-d589-014e-0336-8d7edf67b29d/Placeholder.mill/64x64bb-75.webp → 200 (99ms, 4202B)
[2026-04-11T01:31:33.115Z] GET https://is1-ssl.mzstatic.com/image/thumb/PurpleSource211/v4/17/e5/32/17e532f7-c509-b2dd-e37e-ae9b96b2d50f/Placeholder.mill/64x64bb-75.webp → 200 (103ms, 4752B)
[2026-04-11T01:31:33.115Z] GET https://is1-ssl.mzstatic.com/image/thumb/PurpleSource211/v4/f7/e1/74/f7e174ad-5dad-9089-c4b2-6a240b2ade7b/Placeholder.mill/64x64bb-75.webp → 200 (100ms, 4262B)
[2026-04-11T01:31:33.115Z] GET https://is1-ssl.mzstatic.com/image/thumb/Purple211/v4/59/5e/c1/595ec176-5c73-9efc-487f-b8c1ac4448fa/AppIconCoverstar-0-0-1x_U007emarketing-0-8-0-85-220.png/64x64ia-75.webp → 200 (105ms, 4496B)
[2026-04-11T01:31:33.115Z] GET https://is1-ssl.mzstatic.com/image/thumb/PurpleSource211/v4/33/0f/44/330f4418-64d0-8006-8286-95c31d8756e7/Placeholder.mill/64x64bb-75.webp → 200 (105ms, 4804B)
[2026-04-11T01:31:33.210Z] GET https://apps.apple.com/api/apps/v1/editorial/us/collections/1842456901/contents?platform=web&extend%5Beditorial-items%5D=editorialArtwork&extend%5Beditorial-pages%5D=editorialArtwork&sparseLimit%5Bcard-contents%5D=0&previewPlatform=iphone&l=en-US → 200 (39ms, 30068B)
[2026-04-11T01:31:33.221Z] GET https://apps.apple.com/assets/index~BRTBTu87nN.js → 200 (88ms, 236042B)
[2026-04-11T01:31:33.222Z] GET https://xp.apple.com/config/1/report/xp_amp_appstore_perf → pending (?ms, ?B)
[2026-04-11T01:31:33.243Z] GET https://xp.apple.com/config/1/report/xp_amp_appstore_unidentified → 200 (851ms, 1042B)
[2026-04-11T01:31:33.263Z] GET https://is1-ssl.mzstatic.com/image/thumb/Features211/v4/78/61/b9/7861b9d5-8999-25f6-303d-08bf6112f2ce/f26de0fd-1ba0-4cbf-8c76-33fb0fbfeb16.png/40x40bb.webp → 200 (42ms, 3526B)
[2026-04-11T01:31:33.263Z] GET https://is1-ssl.mzstatic.com/image/thumb/Features221/v4/dc/5c/56/dc5c5645-7397-d0f8-b36f-ad91054fdb93/c31e44f2-1f97-4f5a-8629-16eaa60cbd5f.png/40x40bb.webp → 200 (44ms, 3710B)
[2026-04-11T01:31:33.263Z] GET https://is1-ssl.mzstatic.com/image/thumb/Features211/v4/20/ca/47/20ca479c-d4ef-49b7-84aa-6afb1018cb08/7998d3a4-33e3-4abd-9f8b-4d50b60a6a7b.png/40x40bb.webp → 200 (44ms, 3758B)
[2026-04-11T01:31:33.263Z] GET https://is1-ssl.mzstatic.com/image/thumb/Features211/v4/8f/12/b1/8f12b11b-6d84-be31-448b-9a1a8e70823d/49f6ac0a-e911-4ec3-babc-69d92f5749a0.png/40x40bb.webp → 200 (46ms, 604B)
[2026-04-11T01:31:33.263Z] GET https://is1-ssl.mzstatic.com/image/thumb/Features211/v4/6f/ab/1a/6fab1a47-81a1-2602-113f-e858e458d3dc/df14443a-6b5d-4e5a-8301-01aed86e3024.png/40x40bb.webp → 200 (43ms, 3862B)
[2026-04-11T01:31:33.263Z] GET https://is1-ssl.mzstatic.com/image/thumb/Features211/v4/e4/ea/0a/e4ea0a97-9d12-cd3f-c0d2-9e7e34222e6e/aec56635-f46c-4f90-bbae-7f4abf2fc8ec.png/40x40bb.webp → 200 (46ms, 772B)
[2026-04-11T01:31:33.265Z] GET https://is1-ssl.mzstatic.com/image/thumb/Features211/v4/56/4d/c3/564dc32e-ba9f-2447-4f06-b2a35bc180d3/15bbc0c7-668b-4a40-b331-8465451c5198.png/40x40bb.webp → 200 (42ms, 638B)
[2026-04-11T01:31:33.265Z] GET https://is1-ssl.mzstatic.com/image/thumb/Features211/v4/4a/b4/95/4ab4951e-bcd2-df10-7c0c-b439c2a026af/31bf5127-cb13-4bcf-b995-5360bd8a9bc0.png/40x40bb.webp → 200 (42ms, 3620B)
[2026-04-11T01:31:33.265Z] GET https://is1-ssl.mzstatic.com/image/thumb/Features211/v4/7c/75/34/7c7534e2-4d79-2c32-f06b-3225f7ee7517/2efd3a78-2b87-4808-a1d0-e018fd628a4e.png/40x40bb.webp → 200 (41ms, 3738B)
[2026-04-11T01:31:39.161Z] POST https://xp.apple.com/report/2/xp_amp_appstore_perf → 200 (121ms, 2B)
[2026-04-11T01:31:41.583Z] GET https://tinybeans.com/ → 200 (103ms, 430949B)
[2026-04-11T01:31:41.823Z] GET https://www.googletagmanager.com/gtag/js?id=UA-28563898-1 → 200 (149ms, 324657B)
[2026-04-11T01:31:41.823Z] GET https://fonts.googleapis.com/css2?family=Sarabun:wght@500;700;800&family=Source+Sans+Pro:ital,wght@0,400;0,600;0,700;1,400;1,600&display=swap → pending (?ms, ?B)
[2026-04-11T01:31:41.823Z] GET https://use.typekit.net/ugp0blw.css → pending (?ms, ?B)
[2026-04-11T01:31:41.823Z] GET https://cdn.ampproject.org/v0/amp-script-0.1.js → pending (?ms, ?B)
[2026-04-11T01:31:41.823Z] GET https://cs.iubenda.com/sync/3453311.js → pending (?ms, ?B)
[2026-04-11T01:31:41.823Z] GET https://tinybeans.com/_static/??/wp-content/themes/tinybeans/style.css,/wp-content/themes/tinybeans/assets/css/tb-jquery-ui.theme.min.css?m=1768360382 → 200 (89ms, 172122B)
[2026-04-11T01:31:41.824Z] GET https://tinybeans.com/_static/??/wp-includes/css/dist/block-library/style.min.css,/wp-content/themes/tinybeans/assets/main/main.css?m=1774626885 → 200 (94ms, 522772B)
[2026-04-11T01:31:41.824Z] GET https://tinybeans.com/wp-content/plugins/taxonomy-images/css/style.css?m=1768360381g → 200 (93ms, 447B)
[2026-04-11T01:31:41.824Z] GET https://cdn.iubenda.com/cs/tcf/stub-v2.js?ver=3.10.1 → pending (?ms, ?B)
[2026-04-11T01:31:41.825Z] GET https://cdn.iubenda.com/cs/tcf/safe-tcf-v2.js?ver=3.10.1 → pending (?ms, ?B)
[2026-04-11T01:31:41.825Z] GET https://cdn.iubenda.com/cs/gpp/stub.js?ver=3.10.1 → pending (?ms, ?B)
[2026-04-11T01:31:41.825Z] GET https://cdn.iubenda.com/cs/iubenda_cs.js?ver=3.10.1 → pending (?ms, ?B)
[2026-04-11T01:31:41.825Z] GET https://tinybeans.com/wp-includes/js/jquery/jquery.min.js?ver=3.7.1 → 200 (93ms, 87553B)
[2026-04-11T01:31:41.825Z] GET https://tinybeans.com/wp-includes/js/jquery/jquery-migrate.min.js?ver=3.4.1 → 200 (112ms, 13577B)
[2026-04-11T01:31:41.825Z] GET https://assets.pinterest.com/js/pinit.js → pending (?ms, ?B)
[2026-04-11T01:31:41.825Z] GET https://use.typekit.net/nry1hxq.css → pending (?ms, ?B)
[2026-04-11T01:31:41.825Z] GET https://fonts.googleapis.com/css2?family=DM+Sans:opsz,wght@9..40,400;9..40,500;9..40,700&display=swap → pending (?ms, ?B)
[2026-04-11T01:31:41.825Z] GET https://tinybeans.com/wp-content/themes/tinybeans/assets/css/iubenda.css?m=1768360382g → 200 (92ms, 1229B)
[2026-04-11T01:31:41.825Z] GET https://tinybeans.com/wp-content/uploads/2024/01/Logo-1.svg → pending (?ms, ?B)
[2026-04-11T01:31:41.825Z] GET https://tinybeans.com/wp-content/uploads/2023/10/Tinybeans-gift-card-gifts-for-moms.jpg → 200 (98ms, 26160B)
[2026-04-11T01:31:41.826Z] GET https://tinybeans.com/wp-content/uploads/2023/08/sharenting.jpg?resize=768,432 → 200 (111ms, 15682B)
[2026-04-11T01:31:41.826Z] GET https://tinybeans.com/wp-content/uploads/2024/01/Slice-10-2.webp → 200 (111ms, 9560B)
[2026-04-11T01:31:41.826Z] GET https://tinybeans.com/wp-content/uploads/2024/01/Slice-12.webp → 200 (126ms, 4946B)
[2026-04-11T01:31:41.826Z] GET https://tinybeans.com/wp-content/uploads/2024/01/mother-breastfeeding-cateogry-baby.webp → 200 (126ms, 581966B)
[2026-04-11T01:31:41.826Z] GET https://tinybeans.com/wp-content/uploads/2024/01/dad-giving-toddler-shoulder-ride-category-toddler.webp → pending (?ms, ?B)
[2026-04-11T01:31:41.826Z] GET https://tinybeans.com/wp-content/uploads/2024/01/grandpa-feeding-grandson-category-meal-ideas.webp → pending (?ms, ?B)
[2026-04-11T01:31:41.826Z] GET https://tinybeans.com/wp-content/uploads/2024/01/AdobeStock_411783132-1.webp → pending (?ms, ?B)
[2026-04-11T01:31:41.827Z] GET https://tinybeans.com/wp-content/uploads/2024/01/family-gaming-category-entertainment-2.webp → pending (?ms, ?B)
[2026-04-11T01:31:41.827Z] GET https://tinybeans.com/wp-content/uploads/2024/01/Heart.svg → pending (?ms, ?B)
[2026-04-11T01:31:41.827Z] GET https://tinybeans.com/wp-content/uploads/2024/01/image.png → pending (?ms, ?B)
[2026-04-11T01:31:41.827Z] GET https://tinybeans.com/wp-content/uploads/2024/01/Asterisk.svg → pending (?ms, ?B)
[2026-04-11T01:31:41.827Z] GET https://tinybeans.com/wp-content/uploads/2024/01/image-1.png → pending (?ms, ?B)
[2026-04-11T01:31:41.827Z] GET https://tinybeans.com/wp-content/uploads/2024/01/Diamond.svg → pending (?ms, ?B)
[2026-04-11T01:31:41.828Z] GET https://tinybeans.com/wp-content/uploads/2024/01/image-2.png → pending (?ms, ?B)
[2026-04-11T01:31:41.828Z] GET https://tinybeans.com/wp-content/uploads/2024/01/image-3.png → pending (?ms, ?B)
[2026-04-11T01:31:41.828Z] GET https://tinybeans.com/wp-content/uploads/2024/01/Crown.svg → pending (?ms, ?B)
[2026-04-11T01:31:41.828Z] GET https://tinybeans.com/wp-content/uploads/2024/01/image-4.png → pending (?ms, ?B)
[2026-04-11T01:31:41.828Z] GET https://tinybeans.com/wp-content/uploads/2024/01/Bush.svg → pending (?ms, ?B)
[2026-04-11T01:31:41.828Z] GET https://tinybeans.com/wp-content/uploads/2024/01/Logo-1-1.svg → pending (?ms, ?B)
[2026-04-11T01:31:41.828Z] GET https://tinybeans.com/wp-content/uploads/2024/01/Social-Media.svg → pending (?ms, ?B)
[2026-04-11T01:31:41.828Z] GET https://tinybeans.com/wp-content/uploads/2024/01/Social-Media-1.svg → pending (?ms, ?B)
[2026-04-11T01:31:41.828Z] GET https://tinybeans.com/wp-content/uploads/2024/01/Social-Media-2.svg → pending (?ms, ?B)
[2026-04-11T01:31:41.828Z] GET https://tinybeans.com/wp-content/uploads/2024/01/Social-Media-5.svg → pending (?ms, ?B)
[2026-04-11T01:31:41.828Z] GET https://tinybeans.com/wp-content/uploads/2024/01/Social-Media-3.svg → pending (?ms, ?B)
[2026-04-11T01:31:41.828Z] GET https://tinybeans.com/wp-content/uploads/2024/01/Social-Media-4.svg → pending (?ms, ?B)
[2026-04-11T01:31:41.828Z] GET https://tinybeans.com/wp-content/themes/tinybeans/assets/img/tinybean-logo-shape.svg → pending (?ms, ?B)
[2026-04-11T01:31:41.828Z] GET https://tinybeans.com/wp-content/themes/tinybeans/js/navigation.js?ver=1.5.8 → 200 (140ms, 6408B)
[2026-04-11T01:31:41.828Z] GET https://tinybeans.com/wp-content/themes/tinybeans/js/algoliasearch.umd.min.js?ver=1.5.8 → 200 (156ms, 33039B)
[2026-04-11T01:31:41.828Z] GET https://tinybeans.com/wp-content/themes/tinybeans/js/functions.js?ver=1.5.8 → 200 (156ms, 10838B)
[2026-04-11T01:31:41.828Z] GET https://tinybeans.com/wp-content/themes/tinybeans/js/auth.js?ver=1.5.8 → 200 (170ms, 4055B)
[2026-04-11T01:31:41.828Z] GET https://tinybeans.com/wp-includes/js/jquery/ui/core.min.js?ver=1.13.3 → 200 (174ms, 21464B)
[2026-04-11T01:31:41.828Z] GET https://tinybeans.com/wp-includes/js/jquery/ui/mouse.min.js?ver=1.13.3 → 200 (196ms, 3428B)
[2026-04-11T01:31:41.828Z] GET https://tinybeans.com/wp-includes/js/jquery/ui/slider.min.js?ver=1.13.3 → 200 (196ms, 10759B)
[2026-04-11T01:31:41.828Z] GET https://tinybeans.com/wp-content/themes/tinybeans/js/searchform.js?ver=1.5.8 → 200 (212ms, 7650B)
[2026-04-11T01:31:41.828Z] GET https://tinybeans.com/wp-content/themes/tinybeans/js/newsletter.js?ver=1.5.8 → 200 (212ms, 2022B)
[2026-04-11T01:31:41.829Z] GET https://tinybeans.com/wp-includes/js/jquery/ui/datepicker.min.js?ver=1.13.3 → 200 (227ms, 36748B)
[2026-04-11T01:31:41.829Z] GET https://stats.wp.com/e-202615.js → pending (?ms, ?B)
[2026-04-11T01:31:41.829Z] GET https://tinybeans.com/wp-content/themes/tinybeans/assets/main/main.js?ver=1.5.8 → 200 (231ms, 230922B)
[2026-04-11T01:31:41.829Z] GET https://www.googletagmanager.com/gtm.js?id=GTM-PT8VSZ → pending (?ms, ?B)
[2026-04-11T01:31:41.984Z] GET https://www.google-analytics.com/analytics.js → pending (?ms, ?B)
[2026-04-11T01:31:42.470Z] GET https://p.typekit.net/p.css?s=1&k=ugp0blw&ht=tk&f=17265.17267.17272.48429.48449.48451.48460.48482.48483.48485.48486.48394.48396&a=138502755&app=typekit&e=css → 200 (537ms, 5B)
[2026-04-11T01:31:43.068Z] GET https://p.typekit.net/p.css?s=1&k=nry1hxq&ht=tk&f=38228.38231.38232.38233&a=138502755&app=typekit&e=css → 200 (8ms, 5B)
[2026-04-11T01:31:43.069Z] GET https://cdn.iubenda.com/cookie_solution/iubenda_cs/1.96.0/core-en.js → pending (?ms, ?B)
[2026-04-11T01:31:43.092Z] GET https://koji.tinybeans.com/wp-content/uploads/2024/01/Hero-website-compressed.mp4 → pending (?ms, ?B)
[2026-04-11T01:31:43.141Z] GET https://tinybeans.com/wp-content/themes/tinybeans/assets/img/svgs/arrow-right-white.svg → 200 (12ms, 544B)
[2026-04-11T01:31:43.141Z] GET https://tinybeans.com/wp-content/uploads/2024/01/Testimonial-3-1.webp → 200 (12ms, 18994B)
[2026-04-11T01:31:43.141Z] GET https://tinybeans.com/wp-content/uploads/2024/01/CTA-1.webp → 200 (12ms, 11254B)
[2026-04-11T01:31:43.141Z] GET https://fonts.gstatic.com/s/dmsans/v17/rP2Hp2ywxg089UriCZOIHTWEBlw.woff2 → 200 (509ms, 62556B)
[2026-04-11T01:31:43.141Z] GET https://use.typekit.net/af/fe773b/00000000000000007735bf9b/30/l?primer=7cdcb44be4a7db8877ffa5c0007b8dd865b3bbc383831fe2ea177f62257a9191&fvd=n5&v=3 → 200 (420ms, 29580B)
[2026-04-11T01:31:43.141Z] GET https://use.typekit.net/af/916187/00000000000000007735bfa0/30/l?primer=7cdcb44be4a7db8877ffa5c0007b8dd865b3bbc383831fe2ea177f62257a9191&fvd=n6&v=3 → 200 (428ms, 40740B)
[2026-04-11T01:31:43.142Z] GET https://www.google.com/recaptcha/api.js → 200 (458ms, 1548B)
[2026-04-11T01:31:43.160Z] GET https://tinybeans.com/wp-content/uploads/2024/03/avoid-ipad-meltdown.jpg?resize=768,432 → 200 (67ms, 22916B)
[2026-04-11T01:31:43.160Z] GET https://tinybeans.com/wp-content/uploads/2024/02/boy-walking-to-school-3.jpg?resize=768,432 → 200 (81ms, 31760B)
[2026-04-11T01:31:43.160Z] GET https://tinybeans.com/wp-content/uploads/2023/10/woman-organizing-boxes-house.jpg?resize=768,431 → 200 (68ms, 28846B)
[2026-04-11T01:31:43.160Z] GET https://tinybeans.com/wp-content/uploads/2023/09/30-minute-meals-cashew-chicken.jpg?resize=768,432 → 200 (81ms, 58902B)
[2026-04-11T01:31:43.160Z] GET https://tinybeans.com/wp-content/uploads/2021/09/best-all-inclusive-resorts-for-families-velas-vallarta-all-inclusive-pool.png?resize=768,432 → 200 (81ms, 520776B)
[2026-04-11T01:31:43.160Z] GET https://tinybeans.com/wp-content/uploads/2024/04/treehouses-you-can-rent-feature.jpg?resize=768,432 → 200 (82ms, 20544B)
[2026-04-11T01:31:43.160Z] GET https://tinybeans.com/wp-content/uploads/2026/02/Best-Products-for-Newborns.png?resize=768,432 → 200 (82ms, 255116B)
[2026-04-11T01:31:43.161Z] GET https://tinybeans.com/wp-content/uploads/2024/02/Kids-Rugs-Feature.jpg?resize=768,432 → 200 (91ms, 57392B)
[2026-04-11T01:31:43.161Z] GET https://tinybeans.com/wp-content/uploads/2023/11/movies-for-toddlers-smallfoot-1.jpg?resize=768,432 → 200 (91ms, 20556B)
[2026-04-11T01:31:43.161Z] GET https://tinybeans.com/wp-content/uploads/2025/05/play-ideas-for-kids.jpg?resize=768,432 → 200 (141ms, 22868B)
[2026-04-11T01:31:43.161Z] GET https://tinybeans.com/wp-content/uploads/2024/01/AppStore.svg → 200 (93ms, 15516B)
[2026-04-11T01:31:43.161Z] GET https://tinybeans.com/wp-content/uploads/2024/01/Hover-CHPlay.svg → 200 (92ms, 15369B)
[2026-04-11T01:31:43.161Z] GET https://tinybeans.com/wp-content/uploads/2024/01/CHPlay.svg → 200 (92ms, 7668B)
[2026-04-11T01:31:43.161Z] GET https://tinybeans.com/wp-content/uploads/2024/01/Hover-AppStore.svg → 200 (93ms, 7515B)
[2026-04-11T01:31:43.162Z] GET https://tinybeans.com/wp-content/uploads/2024/01/Awards.svg → 200 (95ms, 13710B)
[2026-04-11T01:31:43.162Z] GET https://tinybeans.com/wp-content/uploads/2024/01/ScanTo.svg → 200 (94ms, 46403B)
[2026-04-11T01:31:43.162Z] GET https://tinybeans.com/wp-content/uploads/2024/01/Proofpoint-Icons-Raster-4.svg → 200 (102ms, 700772B)
[2026-04-11T01:31:43.162Z] GET https://tinybeans.com/wp-content/uploads/2024/01/Icon-private-safe-secure.svg → 200 (105ms, 28966B)
[2026-04-11T01:31:43.162Z] GET https://tinybeans.com/wp-content/uploads/2024/01/Proofpoint-Icons-Raster-1.svg → 200 (105ms, 1053910B)
[2026-04-11T01:31:43.163Z] GET https://tinybeans.com/wp-content/uploads/2024/01/icon-keep-family-in-the-loop.svg → 200 (105ms, 389728B)
[2026-04-11T01:31:43.163Z] GET https://tinybeans.com/wp-content/uploads/2024/07/booksvg.svg → 200 (114ms, 177396B)
[2026-04-11T01:31:43.163Z] GET https://tinybeans.com/wp-content/uploads/2024/01/Proofpoint-Icons-Raster-2-1.svg → 200 (139ms, 1088035B)
[2026-04-11T01:31:43.163Z] GET https://tinybeans.com/wp-content/uploads/2024/01/phone.png?resize=768,987 → 200 (107ms, 373864B)
[2026-04-11T01:31:43.163Z] GET https://tinybeans.com/wp-content/uploads/2024/01/asset-1-1.png?resize=768,987 → 200 (106ms, 438794B)
[2026-04-11T01:31:43.163Z] GET https://tinybeans.com/wp-content/uploads/2024/01/pexels-eren-li-7169696-19-1.png → 200 (106ms, 18170B)
[2026-04-11T01:31:43.163Z] GET https://tinybeans.com/wp-content/uploads/2024/01/pexels-eren-li-7169696-18-2.png → 200 (106ms, 37786B)
[2026-04-11T01:31:43.163Z] GET https://tinybeans.com/wp-content/uploads/2024/01/pexels-eren-li-7169696-32-1.png → 200 (142ms, 36890B)
[2026-04-11T01:31:43.163Z] GET https://tinybeans.com/wp-content/uploads/2024/01/pexels-eren-li-7169696-18-3.png → 200 (114ms, 34068B)
[2026-04-11T01:31:43.164Z] GET https://tinybeans.com/wp-content/uploads/2024/01/pexels-eren-li-7169696-19-2.png → 200 (130ms, 34700B)
[2026-04-11T01:31:43.164Z] GET https://tinybeans.com/wp-content/uploads/2024/01/pexels-eren-li-7169696-31-1.png → 200 (117ms, 37130B)
[2026-04-11T01:31:43.164Z] GET https://tinybeans.com/wp-content/uploads/2024/01/Cloud.svg → 200 (125ms, 11060B)
[2026-04-11T01:31:43.165Z] GET https://tinybeans.com/wp-content/uploads/2024/01/pexels-eren-li-7169696-21.png → 200 (129ms, 28946B)
[2026-04-11T01:31:43.165Z] GET https://tinybeans.com/wp-content/uploads/2024/01/pexels-eren-li-7169696-35.png → 200 (128ms, 28496B)
[2026-04-11T01:31:43.165Z] GET https://tinybeans.com/wp-content/uploads/2024/01/pexels-eren-li-7169696-22.png → 200 (129ms, 35392B)
[2026-04-11T01:31:43.165Z] GET https://tinybeans.com/wp-content/uploads/2024/01/pexels-eren-li-7169696-23.png → 200 (137ms, 29508B)
[2026-04-11T01:31:43.165Z] GET https://tinybeans.com/wp-content/uploads/2024/01/Mountain.svg → 200 (130ms, 9251B)
[2026-04-11T01:31:43.165Z] GET https://tinybeans.com/wp-content/uploads/2024/01/pexels-eren-li-7169696-24-1.png → 200 (139ms, 32846B)
[2026-04-11T01:31:43.165Z] GET https://tinybeans.com/wp-content/uploads/2024/01/Moon.svg → 200 (130ms, 7477B)
[2026-04-11T01:31:43.166Z] GET https://tinybeans.com/wp-content/uploads/2024/01/pexels-eren-li-7169696-25.png → 200 (130ms, 35940B)
[2026-04-11T01:31:43.166Z] GET https://tinybeans.com/wp-content/uploads/2024/01/pexels-eren-li-7169696-26.png → 200 (139ms, 36400B)
[2026-04-11T01:31:43.166Z] GET https://tinybeans.com/wp-content/uploads/2024/01/pexels-eren-li-7169696-33.png → 200 (139ms, 32718B)
[2026-04-11T01:31:43.166Z] GET https://tinybeans.com/wp-content/uploads/2024/01/pexels-eren-li-7169696-27.png → 200 (130ms, 36396B)
[2026-04-11T01:31:43.166Z] GET https://tinybeans.com/wp-content/uploads/2024/01/Bean-1.svg → 200 (130ms, 10599B)
[2026-04-11T01:31:43.166Z] GET https://tinybeans.com/wp-content/uploads/2024/01/pexels-eren-li-7169696-28.png → 200 (134ms, 41668B)
[2026-04-11T01:31:43.166Z] GET https://tinybeans.com/wp-content/uploads/2024/01/Tree.svg → 200 (131ms, 10579B)
[2026-04-11T01:31:43.167Z] GET https://tinybeans.com/wp-content/uploads/2024/01/pexels-eren-li-7169696-34.png → 200 (134ms, 29596B)
[2026-04-11T01:31:43.167Z] GET https://tinybeans.com/wp-content/uploads/2023/10/mom-kissing-tired-baby-sleep-regression-donts-3.jpg?resize=768,432 → 200 (148ms, 31394B)
[2026-04-11T01:31:43.167Z] GET https://tinybeans.com/wp-content/uploads/2023/12/mom-playing-with-daughter-sensory-1.jpg?resize=768,433 → 200 (134ms, 29316B)
[2026-04-11T01:31:43.167Z] GET https://tinybeans.com/wp-content/uploads/2014/06/LEGO-DUPLO_Buildable-People-with-Big-Emotions_Learning-Toys-for-Toddlers.png?resize=768,734 → 200 (145ms, 608462B)
[2026-04-11T01:31:43.167Z] GET https://tinybeans.com/wp-content/uploads/2023/12/three-babys-baby-name-trends-2024.jpg?resize=768,432 → 200 (145ms, 43852B)
[2026-04-11T01:31:43.167Z] GET https://tinybeans.com/wp-content/uploads/2014/10/TinybeansxSCHEELS_Lego_Hero.jpg?resize=768,768 → 200 (134ms, 45570B)
[2026-04-11T01:31:43.167Z] GET https://tinybeans.com/wp-content/uploads/2022/10/sheet-pan-dinners-chicken-shawarma.jpg?resize=768,432 → 200 (134ms, 54296B)
[2026-04-11T01:31:43.167Z] GET https://tinybeans.com/wp-content/uploads/2014/09/Reno-Tahoe_Nevada_family_biking.jpg?resize=768,768 → 200 (134ms, 179782B)
[2026-04-11T01:31:43.167Z] GET https://tinybeans.com/wp-content/uploads/2024/01/Awards-2.svg → 200 (153ms, 15770B)
[2026-04-11T01:31:43.167Z] GET https://tinybeans.com/wp-content/uploads/2024/01/Awards-3.svg → 200 (148ms, 18924B)
[2026-04-11T01:31:43.168Z] GET https://tinybeans.com/wp-content/uploads/2024/01/Awards-4.svg → 200 (147ms, 42653B)
[2026-04-11T01:31:43.194Z] GET https://pixel.wp.com/g.gif?v=ext&blog=195022054&post=2204599&tz=-7&srv=tinybeans.com&hp=vip&j=1%3A15.5-beta&host=tinybeans.com&ref=&fcp=0&rand=0.8173303793759091 → 200 (34ms, 50B)
[2026-04-11T01:31:43.196Z] GET blob:https://tinybeans.com/7c19a555-36f6-412a-9c85-9b8668ae365f → 200 (45ms, 1327B)
[2026-04-11T01:31:43.252Z] GET https://cs.iubenda.com/cookie-solution/confs/js/76965459.js → 200 (75ms, 550B)
[2026-04-11T01:31:43.356Z] GET https://www.googletagmanager.com/gtag/js?id=G-720RY7VERJ&cx=c&gtm=4e6481 → 200 (146ms, 558948B)
[2026-04-11T01:31:43.357Z] GET https://secure.quantserve.com/quant.js → pending (?ms, ?B)
[2026-04-11T01:31:43.357Z] GET https://cdn.jsdelivr.net/npm/search-insights@2.2.1 → 200 (520ms, 7337B)
[2026-04-11T01:31:43.357Z] GET https://d1fc8wv8zag5ca.cloudfront.net/2.5.1/sp.js → 301 (400ms, ?B)
[2026-04-11T01:31:43.361Z] GET https://www.mczbf.com/tags/390442314348/tag.js → 200 (543ms, 50681B)
[2026-04-11T01:31:43.362Z] GET https://sb.scorecardresearch.com/beacon.js → 200 (288ms, 21373B)
[2026-04-11T01:31:43.362Z] GET https://connect.facebook.net/en_US/fbevents.js → 200 (543ms, 374117B)
[2026-04-11T01:31:43.362Z] POST https://www.google.com/ccm/collect?rcb=5&frm=0&ae=g&en=page_view&dl=https%3A%2F%2Ftinybeans.com%2F&scrsrc=www.googletagmanager.com&rnd=1286166975.1775871103&dt=Tinybeans%E2%80%94The%20Photo-Sharing%20App%20That%20Families%20Love&auid=168670569.1775871103&navt=n&npa=0&ep.ads_data_redaction=0&gtm=45He6481v6544493za200zd6544493xea&gcs=G111&gcd=13t3t3t3t5l1&dma=0&tcfd=10000&tag_exp=0~115938465~115938469&apve=1&apvf=f&apvc=1&tft=1775871103361&tfd=1780 → 200 (238ms, ?B)
[2026-04-11T01:31:43.362Z] GET https://tinybeans.com/wp-includes/js/wp-emoji-release.min.js?ver=6.9.4 → 200 (114ms, 22762B)
[2026-04-11T01:31:43.368Z] GET https://cdn.iubenda.com/cs/tcf/versions/tcf-v2-0.30.7.js → 200 (114ms, 183656B)
[2026-04-11T01:31:43.481Z] GET https://s.w.org/images/core/emoji/17.0.2/svg/1f64f.svg → 200 (197ms, 1519B)
[2026-04-11T01:31:43.481Z] GET https://s.w.org/images/core/emoji/17.0.2/svg/1f917.svg → 200 (197ms, 2570B)
[2026-04-11T01:31:43.500Z] GET https://cdn.iubenda.com/cs/tcf/v3-versioned/vendorlist.153.json → 200 (404ms, ?B)
[2026-04-11T01:31:43.500Z] GET https://cdn.iubenda.com/cs/tcf/gac-vendors.json → pending (?ms, ?B)
[2026-04-11T01:31:43.500Z] GET https://cdn.jsdelivr.net/npm/leanplum-sdk@1.9.0/dist/leanplum.min.js?ver=6.9.4 → 200 (404ms, 67975B)
[2026-04-11T01:31:43.552Z] GET https://www.googletagmanager.com/gtag/destination?id=AW-322696368&cx=c&gtm=4e6481 → 200 (62ms, 381192B)
[2026-04-11T01:31:43.552Z] POST https://analytics.google.com/g/collect?v=2&tid=G-720RY7VERJ&gtm=45je6481v892455269z86544493za20gzb6544493zd6544493&_p=1775871101823&_gaz=1&gcs=G111&gcd=13t3t3t3t5l1&npa=0&dma=0&tcfd=10000&_eu=AgAAAGA&are=1&cid=1501757914.1775871103&frm=0&pscdl=noapi&rcb=13&sr=1280x720&uaa=arm&uab=64&uafvl=Not%253AA-Brand%3B99.0.0.0%7CHeadlessChrome%3B145.0.7632.6%7CChromium%3B145.0.7632.6&uam=&uamb=0&uap=macOS&uapv=26.3.0&uaw=0&ul=en-us&_s=1&tag_exp=0~115938465~115938469~118128922~118442252&sid=1775871103&sct=1&seg=0&dl=https%3A%2F%2Ftinybeans.com%2F&dt=Tinybeans%E2%80%94The%20Photo-Sharing%20App%20That%20Families%20Love&en=page_view&_fv=1&_ss=1&tfd=1968 → pending (?ms, ?B)
[2026-04-11T01:31:43.552Z] POST https://stats.g.doubleclick.net/g/collect?v=2&tid=G-720RY7VERJ&cid=1501757914.1775871103&gtm=45je6481v892455269z86544493za20gzb6544493zd6544493&rcb=13&aip=1&dma=0&gcs=G111&gcd=13t3t3t3t5l1&npa=0&frm=0&tag_exp=0~115938465~115938469~118128922~118442252 → pending (?ms, ?B)
[2026-04-11T01:31:43.567Z] GET https://assets.pinterest.com/js/pinit_main.js?0.9361521159426605 → 200 (97ms, 68091B)
[2026-04-11T01:31:43.571Z] GET https://koji.tinybeans.com/wp-content/uploads/2024/01/Hero-website-compressed.mp4 → 206 (29ms, ?B)
[2026-04-11T01:31:43.590Z] POST https://idb.iubenda.com/csdata?db=hits1 → pending (?ms, ?B)
[2026-04-11T01:31:43.601Z] GET https://www.gstatic.com/recaptcha/releases/gTpTIWhbKpxADzTzkcabhXN4/recaptcha__en.js → pending (?ms, ?B)
[2026-04-11T01:31:43.604Z] GET https://koji.tinybeans.com/wp-content/uploads/2024/01/Hero-website-compressed.mp4 → 206 (?ms, 23167B)
[2026-04-11T01:31:43.649Z] GET https://googleads.g.doubleclick.net/pagead/viewthroughconversion/322696368/?random=1775871103621&cv=11&fst=1775871103621&bg=ffffff&guid=ON&async=1&gtm=45be6481z86544493za20gzb6544493zd6544493xea&gcd=13t3t3t3t5l1&dma=0&tcfd=10000&tag_exp=0~115616985~115938465~115938469~118128922&u_w=1280&u_h=720&url=https%3A%2F%2Ftinybeans.com%2F&rcb=8&frm=0&tiba=Tinybeans%E2%80%94The%20Photo-Sharing%20App%20That%20Families%20Love&hn=www.googleadservices.com&npa=0&us_privacy=1NN-&pscdl=noapi&auid=168670569.1775871103&uaa=arm&uab=64&uafvl=Not%253AA-Brand%3B99.0.0.0%7CHeadlessChrome%3B145.0.7632.6%7CChromium%3B145.0.7632.6&uamb=0&uam=&uap=macOS&uapv=26.3.0&uaw=0&_tu=CA&gap.plf=5&rfmt=3&fmt=4 → pending (?ms, ?B)
[2026-04-11T01:31:43.649Z] POST https://www.google.com/rmkt/collect/322696368/?random=1775871103621&cv=11&fst=1775871103621&fmt=8&bg=ffffff&guid=ON&async=1&gtm=45be6481z86544493za20gzb6544493zd6544493xea&gcd=13t3t3t3t5l1&dma=0&tcfd=10000&tag_exp=0~115616985~115938465~115938469~118128922&u_w=1280&u_h=720&url=https%3A%2F%2Ftinybeans.com%2F&rcb=8&frm=0&tiba=Tinybeans%E2%80%94The%20Photo-Sharing%20App%20That%20Families%20Love&hn=www.googleadservices.com&npa=0&us_privacy=1NN-&pscdl=noapi&auid=168670569.1775871103&uaa=arm&uab=64&uafvl=Not%253AA-Brand%3B99.0.0.0%7CHeadlessChrome%3B145.0.7632.6%7CChromium%3B145.0.7632.6&uamb=0&uam=&uap=macOS&uapv=26.3.0&uaw=0&_tu=CA&gap.plf=5&gcp=5 → 200 (28ms, ?B)
[2026-04-11T01:31:43.649Z] POST https://www.google.com/ccm/collect?rcb=8&frm=0&ae=g&dl=https%3A%2F%2Ftinybeans.com%2F&scrsrc=www.googletagmanager.com&rnd=1286166975.1775871103&dt=Tinybeans%E2%80%94The%20Photo-Sharing%20App%20That%20Families%20Love&auid=168670569.1775871103&navt=n&npa=0&us_privacy=1NN-&_tu=CA&gtm=45be6481z86544493za20gzb6544493zd6544493xea&gcs=G111&gcd=13t3t3t3t5l1&dma=0&tcfd=10000&tag_exp=0~115616985~115938465~115938469~118128922&apve=1&apvf=f&gap.plf=5&apvc=0&tids=AW-322696368&tid=AW-322696368&tft=1775871103648&tfd=2068 → 200 (29ms, ?B)
[2026-04-11T01:31:43.670Z] GET https://sb.scorecardresearch.com/b?c1=2&c2=27410796&cs_it=b1&cv=4.13.1%2B2508250908&ns__t=1775871103669&ns_c=UTF-8&cs_cfg=1001110&cs_ucc=1&cs_cmp_id=123&gpp_ssv=1&gpp_gpc=0&gpp_oos=222&gpp_oon=1X11100&gpp_sdp=000000010000&gpp_pdc=0&gpp_cdc=00&gpp_mct=0&gpp_mom=0&gpp_msm=0&cs_cmp_ie=10&cs_cmp_rt=0&cs_cmp_av=1.1&gpp_sid=7&gpp_smv=1.1&c7=https%3A%2F%2Ftinybeans.com%2F&c8=Tinybeans%E2%80%94The%20Photo-Sharing%20App%20That%20Families%20Love&c9= → 302 (51ms, ?B)
[2026-04-11T01:31:43.720Z] GET https://tinybeans.com/wp-content/themes/tinybeans/assets/img/svgs/arrow-small-right.svg → 200 (1ms, 253B)
[2026-04-11T01:31:43.720Z] GET https://tinybeans.com/wp-content/uploads/2024/01/Testimonial-3-2.webp → 200 (14ms, 5568B)
[2026-04-11T01:31:43.720Z] GET https://tinybeans.com/wp-content/uploads/2024/01/CTA-1-1.webp → 200 (14ms, 6258B)
[2026-04-11T01:31:43.721Z] GET https://sb.scorecardresearch.com/b2?c1=2&c2=27410796&cs_it=b1&cv=4.13.1%2B2508250908&ns__t=1775871103669&ns_c=UTF-8&cs_cfg=1001110&cs_ucc=1&cs_cmp_id=123&gpp_ssv=1&gpp_gpc=0&gpp_oos=222&gpp_oon=1X11100&gpp_sdp=000000010000&gpp_pdc=0&gpp_cdc=00&gpp_mct=0&gpp_mom=0&gpp_msm=0&cs_cmp_ie=10&cs_cmp_rt=0&cs_cmp_av=1.1&gpp_sid=7&gpp_smv=1.1&c7=https%3A%2F%2Ftinybeans.com%2F&c8=Tinybeans%E2%80%94The%20Photo-Sharing%20App%20That%20Families%20Love&c9= → 204 (35ms, ?B)
[2026-04-11T01:31:43.757Z] GET https://cdn.jsdelivr.net/gh/snowplow/sp-js-assets@2.5.1/sp.js → 200 (146ms, 68319B)
[2026-04-11T01:31:43.904Z] GET https://collector.tinybeans.com/i?e=pv&url=https%3A%2F%2Ftinybeans.com%2F&page=Tinybeans%E2%80%94The%20Photo-Sharing%20App%20That%20Families%20Love&tv=js-2.5.1&tna=cf&aid=tinybeans-web&p=web&tz=America%2FLos_Angeles&lang=en-US&cs=UTF-8&res=1280x720&cd=24&cookie=1&eid=c7015358-d185-4bf5-889e-f75f65cbdb54&dtm=1775871103891&vp=1280x720&ds=1303x7686&vid=1&sid=dc6f9159-8464-4bc4-b149-e4935d7d3a79&duid=75c2480c8ddbdb1d&fp=2589013837&cx=eyJzY2hlbWEiOiJpZ2x1OmNvbS5zbm93cGxvd2FuYWx5dGljcy5zbm93cGxvdy9jb250ZXh0cy9qc29uc2NoZW1hLzEtMC0wIiwiZGF0YSI6W3sic2NoZW1hIjoiaWdsdTpjb20uc25vd3Bsb3dhbmFseXRpY3Muc25vd3Bsb3cvd2ViX3BhZ2UvanNvbnNjaGVtYS8xLTAtMCIsImRhdGEiOnsiaWQiOiIwN2M5ZGMxYi01NWJjLTRhMWYtODMyZC01MmIzYjFhNzc3ZjYifX1dfQ → pending (?ms, ?B)
[2026-04-11T01:31:43.904Z] GET https://snowplow-mini.tinybeans.com/i?e=pv&url=https%3A%2F%2Ftinybeans.com%2F&page=Tinybeans%E2%80%94The%20Photo-Sharing%20App%20That%20Families%20Love&tv=js-2.5.1&tna=cf&aid=tinybeans-web&p=web&tz=America%2FLos_Angeles&lang=en-US&cs=UTF-8&res=1280x720&cd=24&cookie=1&eid=c7015358-d185-4bf5-889e-f75f65cbdb54&dtm=1775871103891&vp=1280x720&ds=1303x7686&vid=1&sid=dc6f9159-8464-4bc4-b149-e4935d7d3a79&duid=75c2480c8ddbdb1d&fp=2589013837&cx=eyJzY2hlbWEiOiJpZ2x1OmNvbS5zbm93cGxvd2FuYWx5dGljcy5zbm93cGxvdy9jb250ZXh0cy9qc29uc2NoZW1hLzEtMC0wIiwiZGF0YSI6W3sic2NoZW1hIjoiaWdsdTpjb20uc25vd3Bsb3dhbmFseXRpY3Muc25vd3Bsb3cvd2ViX3BhZ2UvanNvbnNjaGVtYS8xLTAtMCIsImRhdGEiOnsiaWQiOiIwN2M5ZGMxYi01NWJjLTRhMWYtODMyZC01MmIzYjFhNzc3ZjYifX1dfQ → pending (?ms, ?B)
[2026-04-11T01:31:43.906Z] POST https://www.mczbf.com/390442314348/pageInfo → pending (?ms, ?B)
[2026-04-11T01:31:43.915Z] POST https://www.mczbf.com/390442314348/pageInfo → pending (?ms, ?B)
[2026-04-11T01:31:43.918Z] GET https://tinybeans.com/wp-content/themes/tinybeans/js/foryou.js?ver=1.5.8 → pending (?ms, ?B)
[2026-04-11T01:31:43.949Z] GET https://connect.facebook.net/signals/config/2333252283680184?v=2.9.297&r=stable&domain=tinybeans.com&hme=c048e760b3fdc0fbdc117d7607b2c36e13eff2660c515ac72e86dac5ba060bb9&ex_m=104%2C205%2C154%2C22%2C72%2C73%2C145%2C68%2C67%2C11%2C162%2C90%2C16%2C138%2C127%2C39%2C75%2C78%2C134%2C159%2C164%2C8%2C4%2C5%2C7%2C6%2C3%2C91%2C101%2C165%2C170%2C219%2C62%2C186%2C187%2C55%2C277%2C30%2C74%2C231%2C230%2C229%2C23%2C33%2C103%2C61%2C10%2C63%2C97%2C98%2C99%2C105%2C130%2C31%2C29%2C132%2C133%2C129%2C128%2C155%2C76%2C158%2C156%2C157%2C50%2C60%2C123%2C15%2C161%2C45%2C264%2C265%2C263%2C26%2C27%2C28%2C48%2C146%2C77%2C112%2C18%2C20%2C44%2C40%2C42%2C41%2C83%2C92%2C96%2C110%2C144%2C147%2C46%2C111%2C24%2C21%2C119%2C69%2C36%2C149%2C148%2C150%2C141%2C139%2C25%2C35%2C59%2C109%2C160%2C70%2C17%2C152%2C114%2C81%2C66%2C19%2C85%2C86%2C116%2C84%2C136%2C135%2C34%2C279%2C294%2C212%2C201%2C202%2C200%2C297%2C289%2C52%2C213%2C107%2C131%2C80%2C121%2C54%2C47%2C49%2C113%2C120%2C126%2C58%2C64%2C151%2C115%2C37%2C32%2C53%2C56%2C100%2C163%2C1%2C124%2C14%2C122%2C12%2C2%2C57%2C93%2C65%2C118%2C89%2C88%2C166%2C167%2C94%2C95%2C9%2C125%2C102%2C51%2C142%2C87%2C79%2C71%2C117%2C106%2C43%2C143%2C0%2C82%2C137%2C140%2C153%2C38%2C108%2C13%2C168 → pending (?ms, ?B)
[2026-04-11T01:31:44.358Z] POST https://api.leanplum.com/api?appId=app_FecVAGUayD6PshcsLrD6KL2xdLr201Gq5He47WvoSSc&client=js&clientKey=prod_drJeOMEq8OSghpPfJfhlvGZ7MPwlZBOJS92C4JUiHHo&sdkVersion=1.9.0&action=multi&time=1775871104.014 → 200 (253ms, 14651B)
[2026-04-11T01:31:44.359Z] GET https://rules.quantcount.com/rules-p-W7DH0zxwL93hh.js → 200 (305ms, 160B)
[2026-04-11T01:31:44.359Z] GET https://rules.quantcount.com/rules-p-27Flwajhhnx2w.js → 200 (304ms, 3B)
[2026-04-11T01:31:44.360Z] GET https://collector.tinybeans.com/i?e=pv&duid=75c2480c8ddbdb1d&vid=1&eid=c7015358-d185-4bf5-889e-f75f65cbdb54&url=https://tinybeans.com/&aid=tinybeans-web&cx=eyJzY2hlbWEiOiJpZ2x1OmNvbS5zbm93cGxvd2FuYWx5dGljcy5zbm93cGxvdy9jb250ZXh0cy9qc29uc2NoZW1hLzEtMC0wIiwiZGF0YSI6W3sic2NoZW1hIjoiaWdsdTpjb20uc25vd3Bsb3dhbmFseXRpY3Muc25vd3Bsb3cvd2ViX3BhZ2UvanNvbnNjaGVtYS8xLTAtMCIsImRhdGEiOnsiaWQiOiIwN2M5ZGMxYi01NWJjLTRhMWYtODMyZC01MmIzYjFhNzc3ZjYifX1dfQ&tna=cf&cs=UTF-8&cd=24&page=Tinybeans%E2%80%94The+Photo-Sharing+App+That+Families+Love&tz=America/Los_Angeles&tv=js-2.5.1&vp=1280x720&ds=1303x7686&fp=2589013837&n3pc=true&res=1280x720&cookie=1&p=web&dtm=1775871103891&lang=en-US&sid=dc6f9159-8464-4bc4-b149-e4935d7d3a79 → 200 (37ms, 43B)
[2026-04-11T01:31:44.361Z] GET https://www.google.com/pagead/1p-user-list/322696368/?random=1775871103621&cv=11&fst=1775869200000&bg=ffffff&guid=ON&async=1&gtm=45be6481z86544493za20gzb6544493zd6544493xea&gcd=13t3t3t3t5l1&dma=0&tcfd=10000&tag_exp=0~115616985~115938465~115938469~118128922&u_w=1280&u_h=720&url=https%3A%2F%2Ftinybeans.com%2F&rcb=8&frm=0&tiba=Tinybeans%E2%80%94The%20Photo-Sharing%20App%20That%20Families%20Love&hn=www.googleadservices.com&npa=0&us_privacy=1NN-&pscdl=noapi&auid=168670569.1775871103&uaa=arm&uab=64&uafvl=Not%253AA-Brand%3B99.0.0.0%7CHeadlessChrome%3B145.0.7632.6%7CChromium%3B145.0.7632.6&uamb=0&uam=&uap=macOS&uapv=26.3.0&uaw=0&_tu=CA&gap.plf=5&rfmt=3&fmt=3&is_vtc=1&cid=CAQSsAEABaugfTvqaQR5pihPfbkHgnNtbA16d3jzBTzheVrFv6icXEpIimLTlhvdQU7H1PwfC_txeaBbINOKLOOsU7_uWtty7nzfXvK2ZEreT0l8VBmPfoDiegau5K9pU_hoA4CwBSXg0utyrNnEgRAlULlhdc2NfoCtQkG0dz8rKeniy0Wy3wk_DobDuBNEoB5Pg6-16ZJWFC-HB-wjMQJAEZE8zsFCHKO045qOIrhzrB6yzQ&random=2358417862&rmt_tld=0&ipr=y → 200 (36ms, 42B)
[2026-04-11T01:31:44.591Z] GET https://snowplow-mini.tinybeans.com/i?e=pv&url=https%3A%2F%2Ftinybeans.com%2F&page=Tinybeans%E2%80%94The%20Photo-Sharing%20App%20That%20Families%20Love&tv=js-2.5.1&tna=cf&aid=tinybeans-web&p=web&tz=America%2FLos_Angeles&lang=en-US&cs=UTF-8&res=1280x720&cd=24&cookie=1&eid=d7f9d776-f8ab-46cc-bf37-dc9481285552&dtm=1775871103893&vp=1280x720&ds=1303x7686&vid=1&sid=9e8bb4a3-da6e-4cb6-a2f9-7d7eaf5ae961&duid=75c2480c8ddbdb1d&fp=2589013837&cx=eyJzY2hlbWEiOiJpZ2x1OmNvbS5zbm93cGxvd2FuYWx5dGljcy5zbm93cGxvdy9jb250ZXh0cy9qc29uc2NoZW1hLzEtMC0wIiwiZGF0YSI6W3sic2NoZW1hIjoiaWdsdTpjb20uc25vd3Bsb3dhbmFseXRpY3Muc25vd3Bsb3cvd2ViX3BhZ2UvanNvbnNjaGVtYS8xLTAtMCIsImRhdGEiOnsiaWQiOiIwN2M5ZGMxYi01NWJjLTRhMWYtODMyZC01MmIzYjFhNzc3ZjYifX1dfQ → 200 (31ms, 43B)
[2026-04-11T01:31:44.681Z] GET https://log.pinterest.com/?type=pidget&guid=eoH_f1JGocF1&tv=2021110201&event=init&sub=www&button_count=1&follow_count=0&pin_count=0&button_hover=1&profile_count=0&board_count=0&section_count=0&lang=en&nvl=en-US&via=https%3A%2F%2Ftinybeans.com%2F&viaSrc=canonical → 200 (239ms, ?B)
[2026-04-11T01:31:47.279Z] GET https://tinybeans.com/api/1/gifts/membership-options?lang=en-US → 200 (48ms, 295B)
[2026-04-11T01:31:48.116Z] GET https://tinybeans.com/wp-content/themes/tinybeans/assets/img/svgs/icon-email.svg → pending (?ms, ?B)
[2026-04-11T01:31:48.554Z] POST https://analytics.google.com/g/collect?v=2&tid=G-720RY7VERJ&gtm=45je6481v892455269za20gzb6544493zd6544493&_p=1775871101823&gcs=G111&gcd=13t3t3t3t5l1&npa=0&dma=0&tcfd=10000&_eu=AAgAAGQ&are=1&cid=1501757914.1775871103&frm=0&pscdl=noapi&rcb=13&sr=1280x720&uaa=arm&uab=64&uafvl=Not%253AA-Brand%3B99.0.0.0%7CHeadlessChrome%3B145.0.7632.6%7CChromium%3B145.0.7632.6&uam=&uamb=0&uap=macOS&uapv=26.3.0&uaw=0&ul=en-us&_s=2&tag_exp=0~115938465~115938469~118128922~118442252&cu=USD&sid=1775871103&sct=1&seg=0&dl=https%3A%2F%2Ftinybeans.com%2F&dt=Tinybeans%E2%80%94The%20Photo-Sharing%20App%20That%20Families%20Love&_tu=CA&en=eyeballs_on_homepage&epn.value=0&_et=3&tfd=6972 → 204 (32ms, ?B)
[2026-04-11T01:31:54.492Z] GET https://bere.al/ → 302 (546ms, ?B)
[2026-04-11T01:31:55.038Z] GET https://bereal.com/ → pending (?ms, ?B)
[2026-04-11T01:31:55.254Z] GET https://events.framer.com/script?v=2 → 200 (279ms, 21233B)
[2026-04-11T01:31:55.254Z] GET https://framerusercontent.com/sites/1IYKzwzQnP80N0gSZz4YPe/react.DSQep6DV.mjs → 200 (414ms, 144680B)
[2026-04-11T01:31:55.254Z] GET https://framerusercontent.com/sites/1IYKzwzQnP80N0gSZz4YPe/rolldown-runtime.DEs_jNZF.mjs → 200 (411ms, 191B)
[2026-04-11T01:31:55.254Z] GET https://framerusercontent.com/sites/1IYKzwzQnP80N0gSZz4YPe/framer.Cy9eUB5n.mjs → 200 (411ms, 490622B)
[2026-04-11T01:31:55.255Z] GET https://framerusercontent.com/sites/1IYKzwzQnP80N0gSZz4YPe/motion.CF6KLBjP.mjs → 200 (423ms, 164553B)
[2026-04-11T01:31:55.255Z] GET https://framerusercontent.com/sites/1IYKzwzQnP80N0gSZz4YPe/2RXXIKt11YerBILgQEGJfz3Ly4N_WwNF_ovJmtg5ui4.BTM0yTGF.mjs → 200 (422ms, 68262B)
[2026-04-11T01:31:55.255Z] GET https://framerusercontent.com/sites/1IYKzwzQnP80N0gSZz4YPe/shared-lib.B4PtnLPi.mjs → 200 (423ms, 240602B)
[2026-04-11T01:31:55.255Z] GET https://framerusercontent.com/sites/1IYKzwzQnP80N0gSZz4YPe/Video.BEWCHRgi.mjs → 200 (383ms, 6803B)
[2026-04-11T01:31:55.255Z] GET https://framerusercontent.com/sites/1IYKzwzQnP80N0gSZz4YPe/VmJqosGv0.BUCDm32x.mjs → 200 (385ms, 4792B)
[2026-04-11T01:31:55.255Z] GET https://framerusercontent.com/sites/1IYKzwzQnP80N0gSZz4YPe/fyab_hOb_.D7V7D6Bl.mjs → 200 (412ms, 853B)
[2026-04-11T01:31:55.255Z] GET https://framerusercontent.com/sites/1IYKzwzQnP80N0gSZz4YPe/fCdTJ0BBc.Br85vhw4.mjs → 200 (412ms, 9898B)
[2026-04-11T01:31:55.255Z] GET https://framerusercontent.com/sites/1IYKzwzQnP80N0gSZz4YPe/script_main.pKDZRQQ0.mjs → 200 (423ms, 10904B)
[2026-04-11T01:31:55.304Z] GET https://fonts.gstatic.com/s/figtree/v9/_Xms-HUzqDCFdgfMm4S9DQ.woff2 → 200 (20ms, 20156B)
[2026-04-11T01:31:55.304Z] GET https://framerusercontent.com/assets/syRNPWzAMIrcJ3wIlPIP43KjQs.woff2 → 200 (324ms, 27900B)
[2026-04-11T01:31:55.320Z] GET https://framerusercontent.com/assets/GrgcKwrN6d3Uz8EwcLHZxwEfC4.woff2 → 200 (320ms, 27380B)
[2026-04-11T01:31:55.323Z] GET https://framerusercontent.com/images/xnrhESCrP7j5HaDjtczkKq0Wn4.png?scale-down-to=1024&width=2430&height=3240 → 200 (367ms, 15825B)
[2026-04-11T01:31:55.323Z] GET https://framerusercontent.com/images/pVht8RFrTmfu2FaLMEWcvTzolc.png?scale-down-to=1024&width=2430&height=3240 → 200 (366ms, 20143B)
[2026-04-11T01:31:55.323Z] GET https://framerusercontent.com/images/KNkns8pl24tNUqtmOmJZmTv7KI.png?scale-down-to=1024&width=2430&height=3240 → 200 (367ms, 23977B)
[2026-04-11T01:31:55.764Z] GET https://framer.com/edit/init.mjs → pending (?ms, ?B)
[2026-04-11T01:31:55.764Z] GET https://vimeo.com/api/oembed.json?url=https%3A%2F%2Fvimeo.com%2F1168485547&id=1168485547&autopause=false&autoplay=true&byline=undefined&controls=false&loop=true&title=undefined&muted=true&responsive=true → 200 (336ms, 1442B)
[2026-04-11T01:31:55.764Z] GET https://vimeo.com/api/oembed.json?url=https%3A%2F%2Fvimeo.com%2F1168491102&id=1168491102&autopause=false&autoplay=true&byline=undefined&controls=false&loop=true&title=undefined&muted=true&responsive=true → pending (?ms, ?B)
[2026-04-11T01:31:55.764Z] GET https://vimeo.com/api/oembed.json?url=https%3A%2F%2Fvimeo.com%2F1168491649&id=1168491649&autopause=false&autoplay=true&byline=undefined&controls=false&loop=true&title=undefined&muted=true&responsive=true → pending (?ms, ?B)
[2026-04-11T01:31:55.764Z] GET https://vimeo.com/api/oembed.json?url=https%3A%2F%2Fvimeo.com%2F1168485547&id=1168485547&autopause=false&autoplay=true&byline=undefined&controls=false&loop=true&title=undefined&muted=true&responsive=true → 200 (176ms, 1442B)
[2026-04-11T01:31:55.764Z] GET https://vimeo.com/api/oembed.json?url=https%3A%2F%2Fvimeo.com%2F1168491102&id=1168491102&autopause=false&autoplay=true&byline=undefined&controls=false&loop=true&title=undefined&muted=true&responsive=true → 200 (304ms, 1442B)
[2026-04-11T01:31:55.764Z] GET https://vimeo.com/api/oembed.json?url=https%3A%2F%2Fvimeo.com%2F1168491649&id=1168491649&autopause=false&autoplay=true&byline=undefined&controls=false&loop=true&title=undefined&muted=true&responsive=true → 200 (295ms, 1442B)
[2026-04-11T01:31:55.764Z] GET https://www.googletagmanager.com/gtm.js?id=GTM-NW4TPXBM → 200 (59ms, 341685B)
[2026-04-11T01:31:55.765Z] GET https://framerusercontent.com/assets/vTKGDt6jROWNKzVg6C5T8hbiVY.mp4 → 206 (9ms, ?B)
[2026-04-11T01:31:55.765Z] POST https://events.framer.com/anonymous → 200 (176ms, ?B)
[2026-04-11T01:31:55.777Z] GET https://framerusercontent.com/assets/vTKGDt6jROWNKzVg6C5T8hbiVY.mp4 → 206 (21ms, ?B)
[2026-04-11T01:31:55.798Z] GET https://framerusercontent.com/assets/vTKGDt6jROWNKzVg6C5T8hbiVY.mp4 → 206 (?ms, 27942B)
[2026-04-11T01:31:55.839Z] GET https://www.googletagmanager.com/gtag/js?id=G-VDH3KK801C&cx=c&gtm=4e6481 → 200 (76ms, 482001B)
[2026-04-11T01:31:55.840Z] GET https://assets.apollo.io/micro/website-tracker/tracker.iife.js?nocache=cqv8s → pending (?ms, ?B)
[2026-04-11T01:31:55.840Z] GET https://js-eu1.hs-scripts.com/143296540.js → pending (?ms, ?B)
[2026-04-11T01:31:55.938Z] POST https://www.google-analytics.com/g/collect?v=2&tid=G-VDH3KK801C&gtm=45je6481v9194240560z89244636267za20gzb9244636267zd9244636267&_p=1775871115746&gcs=G111&gcd=13v3v3l3l5l1&npa=0&dma=0&are=1&cid=730083594.1775871116&frm=0&pscdl=noapi&rcb=13&sr=1280x720&uaa=arm&uab=64&uafvl=Not%253AA-Brand%3B99.0.0.0%7CHeadlessChrome%3B145.0.7632.6%7CChromium%3B145.0.7632.6&uam=&uamb=0&uap=macOS&uapv=26.3.0&uaw=0&ul=en-us&_s=1&tag_exp=0~115938465~115938469~117512543&sid=1775871115&sct=1&seg=0&dl=https%3A%2F%2Fbereal.com%2F&dt=BeReal&_tu=gA&en=page_view&_fv=1&_nsi=1&_ss=1&tfd=1450 → 204 (121ms, ?B)
[2026-04-11T01:31:56.103Z] GET https://player.vimeo.com/video/1168485547?muted=1&autoplay=1&autopause=0&controls=0&loop=1&app_id=122963 → pending (?ms, ?B)
[2026-04-11T01:31:56.145Z] GET https://app.framerstatic.com/chunk-ZJASEJTT.mjs → 200 (529ms, 5097B)
[2026-04-11T01:31:56.174Z] GET https://player.vimeo.com/video/1168491649?muted=1&autoplay=1&autopause=0&controls=0&loop=1&app_id=122963 → 401 (233ms, 5141B)
[2026-04-11T01:31:56.238Z] GET https://aplo-evnt.com/api/v1/intent_pixel/can_track_visitor?x_app_id=68cbc88c0d1ae700159d62c3 → 200 (511ms, 19B)
[2026-04-11T01:31:56.356Z] GET https://player.vimeo.com/video/1168491102?muted=1&autoplay=1&autopause=0&controls=0&loop=1&app_id=122963 → 401 (234ms, 5141B)
[2026-04-11T01:31:56.399Z] GET https://challenges.cloudflare.com/turnstile/v0/api.js?onload=turnstileLoad → 302 (397ms, ?B)
[2026-04-11T01:31:56.409Z] GET https://challenges.cloudflare.com/turnstile/v0/api.js?onload=turnstileLoad → 302 (387ms, ?B)
[2026-04-11T01:31:56.583Z] GET https://js-eu1.hscollectedforms.net/collectedforms.js → pending (?ms, ?B)
[2026-04-11T01:31:56.583Z] GET https://js-eu1.hs-analytics.net/analytics/1775865300000/143296540.js → pending (?ms, ?B)
[2026-04-11T01:31:56.583Z] GET https://js-eu1.hs-banner.com/v2/143296540/banner.js → pending (?ms, ?B)
[2026-04-11T01:31:56.592Z] GET https://challenges.cloudflare.com/turnstile/v0/api.js?onload=turnstileLoad → 302 (204ms, ?B)
[2026-04-11T01:31:56.682Z] GET https://framer.com/edit?framerSiteId=d073f02bf0b5683aa659349377fb0c3652d55222ebe883bcba1a2178616e1810&source=bereal.com&features=%7B%22editorBarDisableFrameAncestorsSecurity%22%3Afalse%2C%22onPageLocalizationSupport%22%3Atrue%2C%22onPageMoveTool%22%3Atrue%7D&loadStart=1775871116673 → 200 (167ms, 3213B)
[2026-04-11T01:31:56.749Z] POST https://aplo-evnt.com/api/v1/intent_pixel/track_request?app_id=68cbc88c0d1ae700159d62c3 → 400 (203ms, 51B)
[2026-04-11T01:31:56.796Z] GET https://challenges.cloudflare.com/turnstile/v0/g/b0a7532ac8ec/api.js → 200 (29ms, 52479B)
[2026-04-11T01:31:56.796Z] GET https://challenges.cloudflare.com/turnstile/v0/g/b0a7532ac8ec/api.js → 200 (27ms, 52479B)
[2026-04-11T01:31:56.796Z] GET https://challenges.cloudflare.com/turnstile/v0/g/b0a7532ac8ec/api.js → 200 (26ms, 52479B)
[2026-04-11T01:31:56.825Z] GET https://challenges.cloudflare.com/cdn-cgi/challenge-platform/h/g/turnstile/f/ov2/av0/rch/piprt/0x4AAAAAAAbaszMygKLnGbeo/auto/fbE/new/normal?lang=auto → 200 (30ms, 251552B)
[2026-04-11T01:31:56.825Z] GET https://challenges.cloudflare.com/cdn-cgi/challenge-platform/h/g/turnstile/f/ov2/av0/rch/4i01p/0x4AAAAAAAbaszMygKLnGbeo/auto/fbE/new/normal?lang=auto → 200 (36ms, 240608B)
[2026-04-11T01:31:56.826Z] GET https://challenges.cloudflare.com/cdn-cgi/challenge-platform/h/g/turnstile/f/ov2/av0/rch/16d75/0x4AAAAAAAbaszMygKLnGbeo/auto/fbE/new/normal?lang=auto → 200 (24ms, 231922B)
[2026-04-11T01:31:56.852Z] GET https://framer.com/bootstrap.b47b62420dd45ae297b94b45fba30b743cc7076e.js → 200 (91ms, 2831B)
[2026-04-11T01:31:56.852Z] GET https://app.framerstatic.com/chunk-VYDUMP4T.mjs → 200 (14ms, 1798B)
[2026-04-11T01:31:56.852Z] GET https://app.framerstatic.com/chunk-HMF7T2NG.mjs → 200 (15ms, 769B)
[2026-04-11T01:31:56.852Z] GET https://app.framerstatic.com/chunk-2F5FSM3K.mjs → 200 (15ms, 209B)
[2026-04-11T01:31:56.852Z] GET https://app.framerstatic.com/chunk-AHQIRSXG.mjs → 200 (15ms, 3043B)
[2026-04-11T01:31:56.852Z] GET https://app.framerstatic.com/editorbar.GBQOKKUW.mjs → 200 (15ms, 2107B)
[2026-04-11T01:31:56.920Z] GET https://challenges.cloudflare.com/cdn-cgi/challenge-platform/h/g/cmg/1 → 200 (40ms, 86B)
[2026-04-11T01:31:56.926Z] GET https://challenges.cloudflare.com/cdn-cgi/challenge-platform/h/g/cmg/1 → 200 (1ms, 86B)
[2026-04-11T01:31:56.932Z] GET https://challenges.cloudflare.com/cdn-cgi/challenge-platform/h/g/cmg/1 → 200 (10ms, 86B)
[2026-04-11T01:31:56.936Z] GET https://challenges.cloudflare.com/cdn-cgi/challenge-platform/h/g/turnstile/f/ov2/av0/rch/n473u/0x4AAAAAAAbaszMygKLnGbeo/auto/fbE/new/normal?lang=auto → 200 (45ms, 244714B)
[2026-04-11T01:31:56.937Z] GET https://challenges.cloudflare.com/cdn-cgi/challenge-platform/h/g/turnstile/f/ov2/av0/rch/frhj5/0x4AAAAAAAbaszMygKLnGbeo/auto/fbE/new/normal?lang=auto → 200 (35ms, 243930B)
[2026-04-11T01:31:56.940Z] GET https://challenges.cloudflare.com/cdn-cgi/challenge-platform/h/g/turnstile/f/ov2/av0/rch/rruf7/0x4AAAAAAAbaszMygKLnGbeo/auto/fbE/new/normal?lang=auto → 200 (42ms, 245331B)
[2026-04-11T01:31:56.945Z] GET blob:https://challenges.cloudflare.com/41ca646a-b53b-4abc-bf55-50b5659270ba → pending (?ms, ?B)
[2026-04-11T01:31:56.945Z] GET https://api.framer.com/auth/web/access-token?source=editorbar → pending (?ms, ?B)
[2026-04-11T01:31:56.961Z] GET blob:https://challenges.cloudflare.com/946d7c8f-e41a-43e5-89e7-e24729c4d9a0 → pending (?ms, ?B)
[2026-04-11T01:31:56.980Z] GET blob:https://challenges.cloudflare.com/351eca9f-64d5-45bf-8513-85136adfd015 → pending (?ms, ?B)
[2026-04-11T01:31:57.002Z] GET https://challenges.cloudflare.com/cdn-cgi/challenge-platform/h/g/cmg/1 → 200 (123ms, ?B)
[2026-04-11T01:31:57.010Z] GET https://challenges.cloudflare.com/cdn-cgi/challenge-platform/h/g/cmg/1 → 200 (?ms, ?B)
[2026-04-11T01:31:57.018Z] GET https://challenges.cloudflare.com/cdn-cgi/challenge-platform/h/g/cmg/1 → 200 (107ms, 86B)
[2026-04-11T01:31:57.060Z] GET blob:https://challenges.cloudflare.com/a528a7d2-c7fc-4a73-9421-71ccd1cdd1d9 → pending (?ms, ?B)
[2026-04-11T01:31:57.060Z] GET blob:https://challenges.cloudflare.com/54eb4397-b87b-42ed-b613-02941b2ba024 → pending (?ms, ?B)
[2026-04-11T01:31:57.070Z] GET blob:https://challenges.cloudflare.com/e4408e43-c553-4920-ad13-de872be93f87 → pending (?ms, ?B)
[2026-04-11T01:31:57.106Z] POST https://challenges.cloudflare.com/cdn-cgi/challenge-platform/h/g/flow/ov1/1350668563:1775870122:VbCTkzqCArKbv3WbD5sXlqYXPS6HGLryf_F6yJDZotw/9ea63c103ffaeb34/lKRs9VCvBuLuzCFT.1cQBdWGx1CAmtAlYQl0POXLFWk-1775871116-1.2.1.1-nGFPUrNxkoralX0VW8pI0AL3bWxw2g_MTOeu1dkavet6dGn44rBmGkW80dPBJ0ME → pending (?ms, ?B)
[2026-04-11T01:31:57.125Z] POST https://challenges.cloudflare.com/cdn-cgi/challenge-platform/h/g/flow/ov1/1350668563:1775870122:VbCTkzqCArKbv3WbD5sXlqYXPS6HGLryf_F6yJDZotw/9ea63c103915f4d9/YhgRD3nrqUE68Iv8RdkTHK5ugucC0g9WjRcEkeOW2K8-1775871116-1.2.1.1-o.yCN0vv_4xBKs2bnHeshBbbmZ5rA.PhCPWjhnFjIoYWVw_GlI.X98y8mngX0WZ_ → pending (?ms, ?B)
[2026-04-11T01:31:57.166Z] POST https://challenges.cloudflare.com/cdn-cgi/challenge-platform/h/g/flow/ov1/1350668563:1775870122:VbCTkzqCArKbv3WbD5sXlqYXPS6HGLryf_F6yJDZotw/9ea63c103ff8eb34/axUxW6XKilxaxWCt8W.XEAMQx5yxB5ZkkGWGgxmkMY8-1775871116-1.2.1.1-VX5vcCCvhX5EgbYD1Dm8gMg7pEjIsaP6p78fKpO4dkk6byAiIJqS4rrsv6xJrAB4 → pending (?ms, ?B)
[2026-04-11T01:31:57.189Z] POST https://challenges.cloudflare.com/cdn-cgi/challenge-platform/h/g/flow/ov1/1350668563:1775870122:VbCTkzqCArKbv3WbD5sXlqYXPS6HGLryf_F6yJDZotw/9ea63c10e9a6eb34/4_h_PbzE8TeOoX_okrTwmzjLbPzPfAUNXpO2of3Y4e4-1775871116-1.2.1.1-jswV_KlrzpBVApmtvJ1.DUCXWVwJuyWtvWJE3IAOmiqoy679qMl.NHHcS.v_ldNE → pending (?ms, ?B)
[2026-04-11T01:31:57.213Z] POST https://challenges.cloudflare.com/cdn-cgi/challenge-platform/h/g/flow/ov1/1480692605:1775869942:OU2CxO5XMVWkd41Zzga2KX7nRLIJyX-4Kt7hf-tZjks/9ea63c10e99feb34/4z0A9eXiZNWT1dDqK_92XXY_YQtmmk2RkwCLMZEltnk-1775871116-1.2.1.1-UegCZ2iFAHfTHH9k4YS9TWwFbXEstdDyycjIrIT9BXGZhcqzMwwUqbXCkMUU6ZnK → pending (?ms, ?B)
[2026-04-11T01:31:57.241Z] POST https://challenges.cloudflare.com/cdn-cgi/challenge-platform/h/g/flow/ov1/1480692605:1775869942:OU2CxO5XMVWkd41Zzga2KX7nRLIJyX-4Kt7hf-tZjks/9ea63c10e9a9eb34/CNDXci73PB5CCRGTT52mRF4W63iFgtMW1h0Umgw71Lc-1775871116-1.2.1.1-gzmKkpO9I6aUiTWt6pbFqI4gX0E0lxuVjpg8ORCmDLb4Zawd97pkZm_1K_Rx.r6T → pending (?ms, ?B)
[2026-04-11T01:31:57.263Z] GET blob:https://challenges.cloudflare.com/5a51b090-7eea-4ddf-8dce-46b106633bb6 → pending (?ms, ?B)
[2026-04-11T01:31:58.834Z] GET https://track-eu1.hubspot.com/__ptq.gif?k=1&sd=1280x720&cd=24-bit&cs=UTF-8&ln=en-us&v=1.1&a=143296540&rcu=https%3A%2F%2Fbereal.com%2F&pu=https%3A%2F%2Fbereal.com%2F&t=BeReal&cts=1775871117287&vi=a5629ec0691374e03e0be48c8a35fdfb&nc=true&u=78284427.a5629ec0691374e03e0be48c8a35fdfb.1775871117279.1775871117279.1775871117279.1&b=78284427.1.1775871117279&cc=15 → 200 (205ms, 45B)
[2026-04-11T01:31:58.914Z] GET https://forms-eu1.hscollectedforms.net/collected-forms/v1/config/json?portalId=143296540&utk=a5629ec0691374e03e0be48c8a35fdfb → pending (?ms, ?B)
[2026-04-11T01:31:58.926Z] GET blob:https://challenges.cloudflare.com/b33b648c-d989-46b7-9e79-a80f41aad4cf → 200 (194ms, 80B)
[2026-04-11T01:31:58.959Z] GET blob:https://challenges.cloudflare.com/36efaaa8-4e06-4385-ad71-a6bee59af028 → 200 (162ms, 80B)
[2026-04-11T01:31:59.008Z] GET blob:https://challenges.cloudflare.com/f9ca0c78-16ee-44fd-885b-91f9643ef6e3 → 200 (115ms, 80B)
[2026-04-11T01:31:59.035Z] GET blob:https://challenges.cloudflare.com/6e7fd636-838b-4b48-9c19-4a85cd9cd830 → 200 (88ms, 80B)
[2026-04-11T01:31:59.070Z] GET blob:https://challenges.cloudflare.com/5008f08a-4c8e-457c-8881-346b3539d95a → 200 (54ms, 80B)
[2026-04-11T01:31:59.142Z] GET https://challenges.cloudflare.com/cdn-cgi/challenge-platform/h/g/d/9ea63c103915f4d9/1775871117149/2DovCjYceZ39HnQ → 200 (149ms, 7799B)
[2026-04-11T01:31:59.317Z] GET https://challenges.cloudflare.com/cdn-cgi/challenge-platform/h/g/pat/9ea63c103ff8eb34/1775871117177/57da9d4b9f51ba3a186750943705b23ff0cd4d0c0faf503d5722d02658257e57/Ky-J6EuODSZ3Yms → 401 (193ms, 1B)
[2026-04-11T01:31:59.509Z] GET https://challenges.cloudflare.com/cdn-cgi/challenge-platform/h/g/pat/9ea63c10e99feb34/1775871117225/30744b6a2262002e1c09e56c0a998f4f7939d22ff48e6eabbc30384e40fdc04b/4GL64dC4x7J3Geg → 401 (117ms, ?B)
[2026-04-11T01:31:59.793Z] GET https://challenges.cloudflare.com/cdn-cgi/challenge-platform/h/g/d/9ea63c103ffaeb34/1775871117126/-x-PDWlL7yw-6Jz → 200 (180ms, 1487B)
[2026-04-11T01:31:59.973Z] GET https://challenges.cloudflare.com/cdn-cgi/challenge-platform/h/g/pat/9ea63c10e9a6eb34/1775871117212/ea2ddb12c18a2c1aafc298a03da192cf9536c5dcc7d21478ae2d88ba1923e9fe/2qRfhNKvJ6ti5a1 → 401 (87ms, ?B)
[2026-04-11T01:32:00.081Z] GET blob:https://challenges.cloudflare.com/f9ca0c78-16ee-44fd-885b-91f9643ef6e3 → pending (?ms, ?B)
[2026-04-11T01:32:00.081Z] GET https://challenges.cloudflare.com/cdn-cgi/challenge-platform/h/g/d/9ea63c10e9a9eb34/1775871117254/MEm9Tm4Zn3QpgQM → pending (?ms, ?B)
[2026-04-11T01:32:00.182Z] GET blob:https://challenges.cloudflare.com/6e7fd636-838b-4b48-9c19-4a85cd9cd830 → 200 (70ms, 80B)
[2026-04-11T01:32:00.230Z] GET blob:https://challenges.cloudflare.com/36efaaa8-4e06-4385-ad71-a6bee59af028 → 200 (22ms, 80B)
[2026-04-11T01:32:00.471Z] GET blob:https://challenges.cloudflare.com/5008f08a-4c8e-457c-8881-346b3539d95a → 200 (200ms, 80B)
[2026-04-11T01:32:00.472Z] GET https://challenges.cloudflare.com/cdn-cgi/challenge-platform/h/g/pat/9ea63c103915f4d9/1775871117149/82f778e817b882ec5a8bc5d47566159b20787063c4d2277206c78722ec3d7af8/i3USG67ei6vC97o → 401 (203ms, 1B)
[2026-04-11T01:32:00.687Z] GET blob:https://challenges.cloudflare.com/b33b648c-d989-46b7-9e79-a80f41aad4cf → 200 (57ms, 80B)
[2026-04-11T01:32:00.704Z] GET https://challenges.cloudflare.com/cdn-cgi/challenge-platform/h/g/pat/9ea63c103ffaeb34/1775871117126/dc5fec05fa75f990c1a27c3b523ca952b382ffee6f8197707267f11556eabc78/PzLW9YrqpvMAFev → 401 (287ms, ?B)
[2026-04-11T01:32:00.713Z] GET https://challenges.cloudflare.com/cdn-cgi/challenge-platform/h/g/d/9ea63c10e99feb34/1775871117226/02cyrhVCOfz_UL8 → 200 (276ms, ?B)
[2026-04-11T01:32:01.015Z] GET blob:https://challenges.cloudflare.com/5a51b090-7eea-4ddf-8dce-46b106633bb6 → pending (?ms, ?B)
[2026-04-11T01:32:01.015Z] GET https://challenges.cloudflare.com/cdn-cgi/challenge-platform/h/g/d/9ea63c10e9a6eb34/1775871117212/CKv7-1UxGLUuJBy → 200 (89ms, ?B)
[2026-04-11T01:32:01.158Z] GET https://challenges.cloudflare.com/cdn-cgi/challenge-platform/h/g/d/9ea63c103ff8eb34/1775871117178/tD66VeP6abfGXsr → 200 (96ms, 968B)
[2026-04-11T01:32:01.467Z] POST https://challenges.cloudflare.com/cdn-cgi/challenge-platform/h/g/flow/ov1/1350668563:1775870122:VbCTkzqCArKbv3WbD5sXlqYXPS6HGLryf_F6yJDZotw/9ea63c103915f4d9/YhgRD3nrqUE68Iv8RdkTHK5ugucC0g9WjRcEkeOW2K8-1775871116-1.2.1.1-o.yCN0vv_4xBKs2bnHeshBbbmZ5rA.PhCPWjhnFjIoYWVw_GlI.X98y8mngX0WZ_ → pending (?ms, ?B)
[2026-04-11T01:32:01.467Z] GET https://challenges.cloudflare.com/cdn-cgi/challenge-platform/h/g/pat/9ea63c10e9a9eb34/1775871117255/8a3408abef9884ff843018c715eef0a78ade7c07cfbe0546fc2fb02ead515e5e/GgViWS8HqYLraJH → 401 (553ms, ?B)
[2026-04-11T01:32:01.659Z] POST https://challenges.cloudflare.com/cdn-cgi/challenge-platform/h/g/flow/ov1/1350668563:1775870122:VbCTkzqCArKbv3WbD5sXlqYXPS6HGLryf_F6yJDZotw/9ea63c103ff8eb34/axUxW6XKilxaxWCt8W.XEAMQx5yxB5ZkkGWGgxmkMY8-1775871116-1.2.1.1-VX5vcCCvhX5EgbYD1Dm8gMg7pEjIsaP6p78fKpO4dkk6byAiIJqS4rrsv6xJrAB4 → pending (?ms, ?B)
[2026-04-11T01:32:02.222Z] POST https://challenges.cloudflare.com/cdn-cgi/challenge-platform/h/g/flow/ov1/1480692605:1775869942:OU2CxO5XMVWkd41Zzga2KX7nRLIJyX-4Kt7hf-tZjks/9ea63c10e9a9eb34/CNDXci73PB5CCRGTT52mRF4W63iFgtMW1h0Umgw71Lc-1775871116-1.2.1.1-gzmKkpO9I6aUiTWt6pbFqI4gX0E0lxuVjpg8ORCmDLb4Zawd97pkZm_1K_Rx.r6T → 200 (273ms, 2256B)
[2026-04-11T01:32:02.447Z] POST https://challenges.cloudflare.com/cdn-cgi/challenge-platform/h/g/flow/ov1/1350668563:1775870122:VbCTkzqCArKbv3WbD5sXlqYXPS6HGLryf_F6yJDZotw/9ea63c103ffaeb34/lKRs9VCvBuLuzCFT.1cQBdWGx1CAmtAlYQl0POXLFWk-1775871116-1.2.1.1-nGFPUrNxkoralX0VW8pI0AL3bWxw2g_MTOeu1dkavet6dGn44rBmGkW80dPBJ0ME → 200 (216ms, 2256B)
[2026-04-11T01:32:02.663Z] POST https://challenges.cloudflare.com/cdn-cgi/challenge-platform/h/g/flow/ov1/1350668563:1775870122:VbCTkzqCArKbv3WbD5sXlqYXPS6HGLryf_F6yJDZotw/9ea63c10e9a6eb34/4_h_PbzE8TeOoX_okrTwmzjLbPzPfAUNXpO2of3Y4e4-1775871116-1.2.1.1-jswV_KlrzpBVApmtvJ1.DUCXWVwJuyWtvWJE3IAOmiqoy679qMl.NHHcS.v_ldNE → 200 (174ms, 2256B)
[2026-04-11T01:32:02.834Z] POST https://challenges.cloudflare.com/cdn-cgi/challenge-platform/h/g/flow/ov1/1480692605:1775869942:OU2CxO5XMVWkd41Zzga2KX7nRLIJyX-4Kt7hf-tZjks/9ea63c10e99feb34/4z0A9eXiZNWT1dDqK_92XXY_YQtmmk2RkwCLMZEltnk-1775871116-1.2.1.1-UegCZ2iFAHfTHH9k4YS9TWwFbXEstdDyycjIrIT9BXGZhcqzMwwUqbXCkMUU6ZnK → 200 (72ms, 2256B)
[2026-04-11T01:32:08.833Z] GET https://www.instagram.com/ → pending (?ms, ?B)
[2026-04-11T01:32:09.450Z] GET https://static.cdninstagram.com/rsrc.php/v5/y3/l/0,cross/3aFo__i5NcWcMj9RuHJmLGPvJg89IT9OsIoj6ryEyr-JfgQe914iiBfONMKn3YhINqU49pVNahkCkGzNiZ9AWV5Gs97xFZK--hBruhBENOpKm_.css → 200 (505ms, 871776B)
[2026-04-11T01:32:09.450Z] GET https://static.cdninstagram.com/rsrc.php/v4/yA/r/DW7-1bEC0OV.js → 200 (631ms, 291681B)
[2026-04-11T01:32:09.450Z] GET https://static.cdninstagram.com/rsrc.php/v4i7bb4/yW/l/en_US/YMnrFQOWoORELF5Q86YaGW7odNDboPV5nMEpBhbUCL5wLzl0NfpTB0UZIN72SS5MnTWunw-SUbjpuBSaV-S7OueDLAAXUtRnPF56OW3thJODCUA8ohO-dKm4-ozoFpj-99G378_ZodSXL7S-Qx8lcabVTDTcjqCtge5-3CiuYWfYYMvJ49U1YTT9NT_mSYSlxu50Umv4bLhpa--wrxhceZaR68thUqzV1k11S8xOl6Gkjq0OVecPlfAVsTAuuLcOh-MPUCoGhBBEVPzG9h-JZCcc2ZP1MqWBZZl3e5jjKZTFDSp4bWABAdmh5DEndjkKeHWrECl3_n.js → 200 (624ms, 217817B)
[2026-04-11T01:32:09.450Z] GET https://static.cdninstagram.com/rsrc.php/v4i_Sr4/yM/l/en_US/eiUCw69HfeN_L9tRHXmg6YPtkxInkKVkG-A1jCaiQwdkeI_7hjRX4pRxNP7Vm41KQG.js → 200 (632ms, ?B)
[2026-04-11T01:32:09.450Z] GET https://static.cdninstagram.com/rsrc.php/v4iQfA4/yy/l/en_US/pfjTfGNJSqS8JriexMzqPrTq4D6zv5d89Pl27xli5DNCe_m0OLa5Yrw6OJjoB4SOg_bJ1jIYG74mO7-l57BUZn-fF6Laer-tqa-fgWHhVSC3O4GSNhEqZ0AMKxeEdcvYgHI_exOLIiHl2XPfEXKxzJbolxgqCp9cRRdtHBSzYMNqp2HZLxZwrz0ofW5Ti99hJL2pGAX7a7KCLTt81zdk5kjOsaGj-02SLVLo9px7Gtt9DShYTKfjQlCcTM_i3Ppy9vz5R0dcZ-UnnD57rrEmEWFS9rg1g0sW1OSSeKLsXET8G7KE8zyZOVLE6s-6C-mv_RBelgxqkI.js → 200 (634ms, ?B)
[2026-04-11T01:32:09.451Z] GET https://static.cdninstagram.com/rsrc.php/v4iQvT4/yN/l/en_US/hvWw0Js8mPO.js → 200 (505ms, 59277B)
[2026-04-11T01:32:09.451Z] GET https://static.cdninstagram.com/rsrc.php/v4iHYU4/yt/l/en_US/fT6yKHnKvu1.js → 200 (534ms, 74473B)
[2026-04-11T01:32:09.451Z] GET https://static.cdninstagram.com/rsrc.php/v4iCLm4/yz/l/en_US/PTGrPjpJMkBs-gjLcln5bMaTvLpEMiMqYBvH8wBDUO_Wziu8fjvIasu0XJwbaX5ZELUcr6BPouu8FNHdJW5_aAkh3hnHYCsAoGkSS1OrajkDar.js → 200 (504ms, 46038B)
[2026-04-11T01:32:09.451Z] GET https://static.cdninstagram.com/rsrc.php/v4/y5/r/nLm5JsyXXpQ.js → 200 (630ms, 344323B)
[2026-04-11T01:32:09.452Z] GET https://static.cdninstagram.com/rsrc.php/v4/ya/r/mese8PpaA6Y.js → 200 (499ms, 34143B)
[2026-04-11T01:32:09.452Z] POST https://www.instagram.com/ajax/qm/?__a=1&__user=0&__comet_req=7&jazoest=22395 → 200 (37ms, 94B)
[2026-04-11T01:32:09.458Z] GET https://static.cdninstagram.com/rsrc.php/v4iUz24/yK/l/en_US/qLaFNovsffSzjuadCe_QDTT_1jn7nhbHAXTSd3WWrA2PiYPQtXvhE04VCU4N3L0-ggFVMhjZ0KK1RF_Ft4iQuag2zrwlxJzwovg_IfHPXyas3NiFGHh9ozlMIRvyVDsAj6jRarSd5v8YK3UzWkghf8zDUDhQ3eIbhY1l9-anLgmi7ZHm2k2Mw28D_gpKAOcVhM4fajZ5I2OchtLMk6-cRYSsikIuXAqzp11_JpCmEnWJrIkZO1Cw6dKMF5nwzyB5KNx6PY3IJJDchOYIvRE-FZnFf2cMjHkLSd3HhguKe.js → 200 (624ms, 2165928B)
[2026-04-11T01:32:09.458Z] GET https://static.cdninstagram.com/rsrc.php/v4inh_4/yc/l/en_US/fknyPRau9DU0XeM8sX2SLw9-dBS8IpxGAQUHQlfhgj8zI3XLoYQF64vfjO43O8XoSnI6-NhAsCA5L3Nc30dHCikm-Q6aNodDiMDZEoStQUE_H75HsuiCTJd5SNvnmk7jwSVrzE4xYn60F-AaMkd1CPMwg_6BzgyT8wIXeTjjJUNSMOrBZUKwq77A6aTraTw8LD94AUXRwDHCkV8R1onn-JtdZ7PJ775NzKCi2ScrsOfCedTPWK7a817LCfIEJ80sYO5qoQ8axYiBYz5S8KjCFM-z_0Q2ncATCB6ghfjDQwNPdLlL_jGYNh9-DZBIN8j5Wu6jBGHRQa.js → 200 (527ms, 26690B)
[2026-04-11T01:32:09.458Z] GET https://static.cdninstagram.com/rsrc.php/v5/yh/l/0,cross/g8T_6-Yirbb.css → 200 (520ms, 4324B)
[2026-04-11T01:32:09.578Z] GET https://static.cdninstagram.com/rsrc.php/yX/r/qq174U9cRET.webp → 200 (496ms, 5978B)
[2026-04-11T01:32:09.578Z] GET https://static.cdninstagram.com/rsrc.php/yR/r/92ZsVHNkyvf.webp → 200 (496ms, 565818B)
[2026-04-11T01:32:10.242Z] POST https://www.instagram.com/ajax/bz?__a=1&__ccg=EXCELLENT&__comet_req=7&__crn=comet.igweb.PolarisCAAIGLoginHomepageRoute&__d=www&__hs=20554.HYP%3Ainstagram_web_pkg.2.1...0&__hsi=7627308422525183460&__req=1&__rev=1037082622&__s=evqzvs%3Aft7av2%3Avpwihn&__spin_b=trunk&__spin_r=1037082622&__spin_t=1775871129&__user=0&dpr=2&jazoest=22395&lsd=AdSFpVStfEBgcujK6K5lshJeQKg&ph=C3 → 200 (115ms, 94B)
[2026-04-11T01:32:10.293Z] GET https://static.cdninstagram.com/rsrc.php/v4ihGc4/ye/l/en_US/d4u9RG6sxvDWLEKM8Y4pNeG_co2ryRhTZh3zsi1CQIOP5gRPJ-r47Yb.js → 200 (64ms, 148400B)
[2026-04-11T01:32:10.293Z] GET https://static.cdninstagram.com/rsrc.php/v4/yF/r/sQNpXnTcUHW.js → 200 (64ms, 170226B)
[2026-04-11T01:32:10.293Z] GET https://static.cdninstagram.com/rsrc.php/v4idBq4/ye/l/en_US/rwXNf31RJQG.js → 200 (67ms, 296586B)
[2026-04-11T01:32:10.293Z] GET https://static.cdninstagram.com/rsrc.php/v4iwo24/yF/l/en_US/HI9jue3-BUf.js → 200 (66ms, 83305B)
[2026-04-11T01:32:10.293Z] GET https://static.cdninstagram.com/rsrc.php/v4/yI/r/ztbVBGHLU-U.js → 200 (68ms, 729989B)
[2026-04-11T01:32:10.293Z] GET https://static.cdninstagram.com/rsrc.php/v4/yb/r/ZwgkGYZoAzj.js → 200 (68ms, 263645B)
[2026-04-11T01:32:10.293Z] GET https://static.cdninstagram.com/rsrc.php/v4/yP/r/rrCxjEFdRGj.js → 200 (67ms, 60345B)
[2026-04-11T01:32:10.293Z] GET https://static.cdninstagram.com/rsrc.php/v4is0e4/yc/l/en_US/R37CeP-eTXo.js → 200 (67ms, 62967B)
[2026-04-11T01:32:10.293Z] POST https://www.instagram.com/ajax/bulk-route-definitions/ → 200 (69ms, 7153B)
[2026-04-11T01:32:10.293Z] GET https://static.cdninstagram.com/rsrc.php/y9/r/1GOXakOP6QP.woff2 → 200 (63ms, 33192B)
[2026-04-11T01:32:10.293Z] GET https://static.cdninstagram.com/rsrc.php/yQ/r/-pkMfchyeAZ.woff2 → 200 (64ms, 183220B)
[2026-04-11T01:32:10.412Z] POST https://www.instagram.com/ajax/bz?__a=1&__ccg=EXCELLENT&__comet_req=7&__crn=comet.igweb.PolarisCAAIGLoginHomepageRoute&__d=www&__hs=20554.HYP%3Ainstagram_web_pkg.2.1...0&__hsi=7627308422525183460&__req=3&__rev=1037082622&__s=evqzvs%3Aft7av2%3Avpwihn&__spin_b=trunk&__spin_r=1037082622&__spin_t=1775871129&__user=0&dpr=2&jazoest=22395&lsd=AdSFpVStfEBgcujK6K5lshJeQKg&ph=C3 → 200 (31ms, 94B)
[2026-04-11T01:32:10.450Z] GET https://www.facebook.com/ig_xsite_user_info/ → 200 (590ms, 65B)
[2026-04-11T01:32:10.463Z] GET https://www.facebook.com/ig_xsite_user_obid/ → 200 (596ms, 22B)
[2026-04-11T01:32:10.553Z] POST https://www.instagram.com/ajax/bulk-route-definitions/ → 200 (128ms, 8433B)
[2026-04-11T01:32:10.553Z] POST https://www.instagram.com/ajax/bulk-route-definitions/ → 200 (128ms, 17121B)
[2026-04-11T01:32:10.682Z] GET https://static.cdninstagram.com/rsrc.php/v4/yJ/r/mrkP-U_R5Ue.js → 200 (2ms, 512B)
[2026-04-11T01:32:10.682Z] GET https://static.cdninstagram.com/rsrc.php/v4/yy/r/reYyb-SSn4k.js → 200 (6ms, 653B)
[2026-04-11T01:32:10.682Z] GET https://static.cdninstagram.com/rsrc.php/v4/yJ/r/-H-VRHLgKIO.js → 200 (6ms, 9658B)
[2026-04-11T01:32:11.252Z] POST https://www.instagram.com/ajax/bz?__a=1&__ccg=EXCELLENT&__comet_req=7&__crn=comet.igweb.PolarisCAAIGLoginHomepageRoute&__d=www&__hs=20554.HYP%3Ainstagram_web_pkg.2.1...0&__hsi=7627308422525183460&__req=6&__rev=1037082622&__s=evqzvs%3Aft7av2%3Avpwihn&__spin_b=trunk&__spin_r=1037082622&__spin_t=1775871129&__user=0&dpr=2&jazoest=22395&lsd=AdSFpVStfEBgcujK6K5lshJeQKg&ph=C3&qpl_active_flow_ids=175125627%2C516759801 → 200 (39ms, 94B)
[2026-04-11T01:32:12.478Z] POST https://www.instagram.com/ajax/bz?__a=1&__ccg=EXCELLENT&__comet_req=7&__crn=comet.igweb.PolarisCAAIGLoginHomepageRoute&__d=www&__hs=20554.HYP%3Ainstagram_web_pkg.2.1...0&__hsi=7627308422525183460&__req=7&__rev=1037082622&__s=evqzvs%3Aft7av2%3Avpwihn&__spin_b=trunk&__spin_r=1037082622&__spin_t=1775871129&__user=0&dpr=2&jazoest=22395&lsd=AdSFpVStfEBgcujK6K5lshJeQKg&ph=C3&qpl_active_flow_ids=516759801 → 200 (9ms, 94B)
[2026-04-11T01:32:20.465Z] GET https://static.cdninstagram.com/rsrc.php/v4/yw/r/HEkR1W-RTCq.js → 200 (10ms, 363B)
[2026-04-11T01:32:20.466Z] GET https://www.instagram.com/ajax/bootloader-endpoint/?modules=VultureJSSampleRatesLoader&__d=www&__user=0&__a=1&__req=8&__hs=20554.HYP%3Ainstagram_web_pkg.2.1...0&dpr=2&__ccg=EXCELLENT&__rev=1037082622&__s=evqzvs%3Aft7av2%3Avpwihn&__hsi=7627308422525183460&__dyn=7xeUmwlEnwn8K2Wmh0no6u5U4e0yoW3q32360CEbo1nEhw2nVE4W0qa0FE2awt81s8hwnU6a3a1YwBgao6C0Mo2swlo5q4U2zxe2GewGw9a361qw8Xwn8e87q0oa2-azo7u3u2C2O0Lo6-3u2WE5B0bK1Iwqo5p0qZ6goK10xKi2K7E5y2-0-8K9x60ma08zw&__csr=hqd9fTTMlPPPn4ONJn-Ix7dR8PbkulLmLBVkmFpHy4i45vRaSR8F4nVaiBV-8ptEjkndiOamTfQiqbHjb8v8DHm8Lp94hp4BmWU8EC6EFbVkt13xOuem5UWUSm9G598SibgjgdobACFAi2aaxm4Wxu4ebxGdxq2ZoyexOm8Gu5888a8sw05ELw5pwxAwIwe4E0Oaq16Kcw12ypU5Nw2p8hw0yveEx2VUaE1B60cpa1So1G8hwaW8IQgEjgmS3WrSE6B1N1NDg5ung0lkxC3S02cG00ywo&__hsdp=go47Ms0jZ9lyBKaarDV2EteIhdCwwDz46m0X8iw9e9x18wnyZAzoObwR7CgG34U09EE0ozzo0Ge0qm1ow1eK0pi&__hblp=05Cxx1G0XoiwpE2mwpEbodEiwnE885m36322S0wo6q1gwxzo0zG1Vw3S81jE1H-5onwbm0s61UGeyE3Zy8W0zo5-08Wwm80DG0VEpw4nz84G11w820Qo3aw&__sjsp=go47Ms0jZ9lyBKaarDV2H6jHbkSq22540gy4E2jyogi85ULp8ScwghVAawNe&__comet_req=7&__spin_r=1037082622&__spin_b=trunk&__spin_t=1775871129&__crn=comet.igweb.PolarisCAAIGLoginHomepageRoute&qpl_active_flow_ids=516759801 → 200 (38ms, 119020B)
[2026-04-11T01:32:23.173Z] GET https://www.snapchat.com/ → 200 (303ms, 70908B)
[2026-04-11T01:32:23.174Z] POST https://www.instagram.com/ajax/bz?__a=1&__ccg=EXCELLENT&__comet_req=7&__crn=comet.igweb.PolarisCAAIGLoginHomepageRoute&__d=www&__hs=20554.HYP%3Ainstagram_web_pkg.2.1...0&__hsi=7627308422525183460&__req=9&__rev=1037082622&__s=evqzvs%3Aft7av2%3Avpwihn&__spin_b=trunk&__spin_r=1037082622&__spin_t=1775871129&__user=0&dpr=2&jazoest=22395&lsd=AdSFpVStfEBgcujK6K5lshJeQKg&ph=C3&qpl_active_flow_ids=516759801 → 200 (28ms, ?B)
[2026-04-11T01:32:23.493Z] GET https://static.snapchat.com/videos/snapchat-dot-com/posters/find-your-friends.png → 200 (425ms, 300961B)
[2026-04-11T01:32:23.493Z] GET https://static.snapchat.com/videos/snapchat-dot-com/posters/lens.png → 200 (459ms, 482717B)
[2026-04-11T01:32:23.493Z] GET https://www.google-analytics.com/analytics.js → 200 (110ms, 52310B)
[2026-04-11T01:32:23.493Z] GET https://www.googletagmanager.com/gtag/js?id=G-DPDHJB4310 → 200 (110ms, 518741B)
[2026-04-11T01:32:23.493Z] GET https://static.snapchat.com/snapchat-dot-com/_next/static/css/d8c67cbd57df6f4b.css → 200 (406ms, 143909B)
[2026-04-11T01:32:23.493Z] GET https://static.snapchat.com/snapchat-dot-com/_next/static/css/440db435a2548ca1.css → 200 (407ms, 5589B)
[2026-04-11T01:32:23.493Z] GET https://static.snapchat.com/snapchat-dot-com/_next/static/chunks/webpack-f93875dec9c013c9.js → 200 (474ms, 11285B)
[2026-04-11T01:32:23.494Z] GET https://static.snapchat.com/snapchat-dot-com/_next/static/chunks/framework-41b02394b273386f.js → 200 (471ms, 140101B)
[2026-04-11T01:32:23.494Z] GET https://static.snapchat.com/snapchat-dot-com/_next/static/chunks/main-93dbaebda72da021.js → 200 (480ms, 184186B)
[2026-04-11T01:32:23.494Z] GET https://static.snapchat.com/snapchat-dot-com/_next/static/chunks/pages/_app-4ab24188a2bcd20c.js → 200 (609ms, ?B)
[2026-04-11T01:32:23.494Z] GET https://static.snapchat.com/snapchat-dot-com/_next/static/chunks/6018-cd60d20fa937936b.js → 200 (491ms, 28799B)
[2026-04-11T01:32:23.494Z] GET https://static.snapchat.com/snapchat-dot-com/_next/static/chunks/1540-d9fffe24ab4144e9.js → 200 (491ms, 12948B)
[2026-04-11T01:32:23.494Z] GET https://static.snapchat.com/snapchat-dot-com/_next/static/chunks/pages/index-724fcfb96e00e9ef.js → 200 (491ms, 16686B)
[2026-04-11T01:32:23.494Z] GET https://static.snapchat.com/snapchat-dot-com/_next/static/z5F7nh1Ri8QXn7glgKWYh/_buildManifest.js → 200 (492ms, 4988B)
[2026-04-11T01:32:23.494Z] GET https://static.snapchat.com/snapchat-dot-com/_next/static/z5F7nh1Ri8QXn7glgKWYh/_ssgManifest.js → 200 (492ms, 77B)
[2026-04-11T01:32:23.915Z] GET https://static.snapchat.com/fonts/AvenirNext-Medium.woff2 → 200 (58ms, 59684B)
[2026-04-11T01:32:23.915Z] GET https://static.snapchat.com/fonts/AvenirNext-DemiBold.woff2 → 200 (58ms, 59740B)
[2026-04-11T01:32:24.454Z] POST https://www.google-analytics.com/j/collect?v=1&_v=j102&a=1037582850&t=pageview&_s=1&dl=https%3A%2F%2Fwww.snapchat.com%2F&dp=%2F&ul=en-us&dt=Snapchat%20-%20Say%20It%20In%20A%20Snap&sr=1280x720&vp=1280x720&_u=KEBAAEABEAAAACAAI~&jid=1579997455&gjid=1964444630&cid=296121086.1775871144&tid=UA-41740027-1&_gid=1562519077.1775871144&_r=1&_slc=1&z=526258008 → 200 (24ms, 3B)
[2026-04-11T01:32:24.455Z] POST https://www.google-analytics.com/g/collect?v=2&tid=G-DPDHJB4310&gtm=45je6481v893370716za200zd893370716&_p=1775871144441&gcd=13l3l3l3l1l1&npa=0&dma=0&are=1&cid=296121086.1775871144&frm=0&pscdl=noapi&rcb=15&sr=1280x720&uaa=arm&uab=64&uafvl=Not%253AA-Brand%3B99.0.0.0%7CHeadlessChrome%3B145.0.7632.6%7CChromium%3B145.0.7632.6&uam=&uamb=0&uap=macOS&uapv=26.3.0&uaw=0&ul=en-us&_s=1&tag_exp=0~115938465~115938468~118442252&sid=1775871144&sct=1&seg=0&dl=https%3A%2F%2Fwww.snapchat.com%2F&dt=Snapchat%20-%20Say%20It%20In%20A%20Snap&en=page_view&_fv=1&_ss=1&_ee=1&tfd=1282 → 204 (32ms, ?B)
[2026-04-11T01:32:24.468Z] GET https://static.snapchat.com/snapchat-dot-com/_next/static/chunks/4630.77cb43b65f5e1c81.js → 200 (19ms, 11677B)
[2026-04-11T01:32:24.468Z] GET https://growth-web-dev-tool.mesh.sc-corp.net/api/open-sesame → 307 (663ms, ?B)
[2026-04-11T01:32:24.468Z] POST https://aws.api.snapchat.com/snapchat.cdp.cof.CircumstancesService/targetingQuery → 200 (606ms, 5961B)
[2026-04-11T01:32:24.468Z] POST https://us-central1-gcp.api.snapchat.com/web-analytics/web/init_client → 200 (515ms, 245B)
[2026-04-11T01:32:24.470Z] POST https://us-central1-gcp.api.snapchat.com/web-analytics/web/init_client → 200 (513ms, 245B)
[2026-04-11T01:32:24.477Z] POST https://gcp.api.snapchat.com/web/metrics → pending (?ms, ?B)
[2026-04-11T01:32:24.478Z] POST https://gcp.api.snapchat.com/web/metrics → 200 (320ms, ?B)
[2026-04-11T01:32:24.487Z] GET https://static.snapchat.com/snapchat-dot-com/_next/static/media/kameleon.077113e1.wasm → 200 (51ms, 814248B)
[2026-04-11T01:32:24.494Z] GET https://static.snapchat.com/snapchat-dot-com/_next/static/chunks/2298.de8f2e7513101035.js → 200 (51ms, 2374B)
[2026-04-11T01:32:24.498Z] GET https://static.snapchat.com/videos/snapchat-dot-com/find-your-friends.mp4 → 206 (39ms, 383906B)
[2026-04-11T01:32:24.507Z] GET https://static.snapchat.com/videos/snapchat-dot-com/posters/spotlight.png → 200 (30ms, 284603B)
[2026-04-11T01:32:24.507Z] GET https://static.snapchat.com/videos/snapchat-dot-com/posters/map.png → 200 (30ms, 373340B)
[2026-04-11T01:32:24.537Z] GET https://static.snapchat.com/fonts/AvenirNext-Bold.woff2 → 200 (36ms, 64424B)
[2026-04-11T01:32:24.537Z] GET https://static.snapchat.com/fonts/Graphik-Regular.woff2 → 200 (36ms, 36525B)
[2026-04-11T01:32:24.545Z] POST https://aws.api.snapchat.com/snapchat.cdp.cof.CircumstancesService/targetingQuery → 200 (528ms, 266B)
[2026-04-11T01:32:24.545Z] POST https://story.snapchat.com/report-metrics/web-page-view → 200 (488ms, ?B)
[2026-04-11T01:32:24.545Z] POST https://us-central1-gcp.api.snapchat.com/web-analytics/web/init_client → 200 (435ms, 245B)
[2026-04-11T01:32:24.572Z] POST https://session.snapchat.com/snap.security.WebAttestationService/BootstrapAttestationSession → pending (?ms, ?B)
[2026-04-11T01:32:24.574Z] GET https://static.snapchat.com/snapchat-dot-com/_next/static/media/kameleon.077113e1.wasm → 200 (2ms, 814248B)
[2026-04-11T01:32:24.574Z] GET https://static.snapchat.com/snapchat-dot-com/_next/static/chunks/8348.a254b7e0be00b3ff.js → 200 (18ms, 9949B)
[2026-04-11T01:32:24.596Z] GET https://static.snapchat.com/snapchat-dot-com/_next/static/chunks/6967.14d1dab962138389.js → 200 (33ms, 148B)
[2026-04-11T01:32:24.597Z] GET https://static.snapchat.com/videos/snapchat-dot-com/lens.mp4 → 206 (19ms, 1091519B)
[2026-04-11T01:32:24.629Z] GET https://static.snapchat.com/snapchat-dot-com/_next/static/chunks/4012.8e1acde787d6afb0.js → 200 (9ms, 444B)
[2026-04-11T01:32:24.639Z] GET https://static.snapchat.com/snapchat-dot-com/_next/static/chunks/3076.c0b7a839fa181d02.js → 200 (11ms, 575B)
[2026-04-11T01:32:24.650Z] GET https://static.snapchat.com/snapchat-dot-com/_next/static/chunks/9947.01ca13bbbfffb2b8.js → 200 (138ms, 698B)
[2026-04-11T01:32:24.789Z] GET https://static.snapchat.com/snapchat-dot-com/_next/static/media/kameleon.077113e1.wasm → 200 (?ms, 814248B)
[2026-04-11T01:32:24.981Z] POST https://us-central1-gcp.api.snapchat.com/web-analytics/web/events → 200 (149ms, ?B)
[2026-04-11T01:32:24.984Z] POST https://us-central1-gcp.api.snapchat.com/web-analytics/web/events → 200 (146ms, ?B)
[2026-04-11T01:32:25.082Z] GET https://static.snapchat.com/snapchat-dot-com/_next/static/media/kameleon.077113e1.wasm → 200 (1ms, 814248B)
[2026-04-11T01:32:25.082Z] POST https://aws.api.snapchat.com/snapchat.ab.exposure_service.ExposureService/BatchUpdateAbExposure → pending (?ms, ?B)
[2026-04-11T01:32:25.131Z] GET https://growth-web-dev-tool.mesh.sc-corp.net/__gcp_iap_oauth_prompt/api/open-sesame → pending (?ms, ?B)
[2026-04-11T01:32:25.208Z] GET https://accounts.google.com/o/oauth2/v2/auth?client_id=680798221484-ttml4pots4g45halm91eu3bok9a9nnu5.apps.googleusercontent.com&response_type=code&scope=openid+email&redirect_uri=https://iap.googleapis.com/v1/oauth/clientIds/680798221484-ttml4pots4g45halm91eu3bok9a9nnu5.apps.googleusercontent.com:handleRedirect&code_challenge=0L5AGSkL9q6JXlrRo-HoRts9J0yRUHthZB_fbOXZDvk&code_challenge_method=S256&cred_ref=true&state=AUKY-CwEr-y8opI7YTAaxdo0JPcBLaZcaqAJBL7wYr8FOgN3Ig__RMTgJVYrsTj6Bjc96EEuEeV_pgLZ7tCZJ_Sof10W9WlgMliUrTH_XLv3crqGvQoI2W1Ag3qQr8wEmPUc94t1Vm6ID-91nUB3JFBkdo2DMcWCVSFQMqTDvwTB0LXlasKiAkErMYI01nz4tn7MIksK2q4Mf0WN3kHMUee8vvJk-Grw6CQMOqgHSHjxxswwPgstrxgTRWHemdXuV0siu1wVWgm4JpLbAykpKE9kp7RNATWaJA5RBNw39cZe0Z7aWFqmdxUFl1RE0rRNMkM234IVYQszqTJZA1WbzhDFFPqviAhteo0v0lBDPbahELTLeVPhj_3q1YeP-4NfTUiC1FSe-Y3ijrwXx96COjNuw3OcffYAQ1T5rLp9wlShlFgbf3avsOzacbeqWqG7kIOntGvlwfE1ZggwJNX67TD8p9XxzamCjPaSDGJcl9JiEvcwnIqlxgkRi7DheHWeUAoyCG2S26ZMqzFsEKGUDdVfti2mq176wrCnCCmV3nCBYltf-60eV50JgrBs6kA87bPSDB4sAuxHA8S9jKdjoDPQCAw3nyF2wTlSIntOekIVTka9t93a8pcf4bwIBshyb9xvqXaD6Y1PP6nTMq6KgIsNob3DxY45qENLioXMwQZOKz0zFB-imgBEciM_k7SO7Yoc45DTczXJ1C_bHAdzORxGbS94Tcgbr3t4lNfl6qq6SlC_ndoeKPNpjKLs-VgR-42-IvwKbBtw1adpobd6gWWymFDt8lW6vxwAk1UXJaulIScAsD3atdXDglMABIIywgiOuvozVQYlGxEOOVBATxslztlzBxZJkxxf4i6VrRoWk2fTsGQv44AFYcLMzKAAoiB0q_rFDOsstWLQybv-1_jcy63YNj3NKE4X1tWTSK9j76MgNWmLEzLNGwOBVOmTSxgfCqNbhv_ISG0nyAttzSd_aZqQvAJZy3j77gu7Ez5yQlkUMrLLNqtRkkWiTfpUXcAtVm23689yirVhGMOs52RY1Fg55NYwei_IqAfnZEQCDTnvcY71jAPoRxHwYxBLp1W2ZG1d9XfDduE0yoa3b5dBsrZjAtsAr7nVDTNGPQhExCgA52dWFCytJNQmwSUhNXWA5gdavdmc9zlpyWEAn1IrSTnkOhiyfo4wZ8DW2mTkrMhWrz7-FL8WVK-09HYLZMMbM13GwdpGssFovaqyE7T4s7Pn58mBtD_rnJIRbNZz3bD7KVsVhB8VFJeO9pmADmhBxAOqcLQYWkPMymd4eJDy_5uPJ2Gp0nhtl8fD0YbiG1M-ZLNW6i0qdveRX3zlDkCVQQ_vnaViEDJRQ1ykWDuuqScWqnPmnPG8tcSZBTgejP1y8jBs_IeyxCITVFMe37Le4WpyNEf6u9gK_3BbxtoBVYq4XczpZwIEssKkB1lU → 302 (545ms, ?B)
[2026-04-11T01:32:25.424Z] POST https://gcp.api.snapchat.com/web/metrics → 200 (1ms, ?B)
[2026-04-11T01:32:25.753Z] GET https://accounts.google.com/v3/signin/identifier?opparams=%253Fcred_ref%253Dtrue&dsh=S-804632959%3A1775871145685860&client_id=680798221484-ttml4pots4g45halm91eu3bok9a9nnu5.apps.googleusercontent.com&code_challenge=0L5AGSkL9q6JXlrRo-HoRts9J0yRUHthZB_fbOXZDvk&code_challenge_method=S256&o2v=2&redirect_uri=https%3A%2F%2Fiap.googleapis.com%2Fv1%2Foauth%2FclientIds%2F680798221484-ttml4pots4g45halm91eu3bok9a9nnu5.apps.googleusercontent.com%3AhandleRedirect&response_type=code&scope=openid+email&service=lso&state=AUKY-CwEr-y8opI7YTAaxdo0JPcBLaZcaqAJBL7wYr8FOgN3Ig__RMTgJVYrsTj6Bjc96EEuEeV_pgLZ7tCZJ_Sof10W9WlgMliUrTH_XLv3crqGvQoI2W1Ag3qQr8wEmPUc94t1Vm6ID-91nUB3JFBkdo2DMcWCVSFQMqTDvwTB0LXlasKiAkErMYI01nz4tn7MIksK2q4Mf0WN3kHMUee8vvJk-Grw6CQMOqgHSHjxxswwPgstrxgTRWHemdXuV0siu1wVWgm4JpLbAykpKE9kp7RNATWaJA5RBNw39cZe0Z7aWFqmdxUFl1RE0rRNMkM234IVYQszqTJZA1WbzhDFFPqviAhteo0v0lBDPbahELTLeVPhj_3q1YeP-4NfTUiC1FSe-Y3ijrwXx96COjNuw3OcffYAQ1T5rLp9wlShlFgbf3avsOzacbeqWqG7kIOntGvlwfE1ZggwJNX67TD8p9XxzamCjPaSDGJcl9JiEvcwnIqlxgkRi7DheHWeUAoyCG2S26ZMqzFsEKGUDdVfti2mq176wrCnCCmV3nCBYltf-60eV50JgrBs6kA87bPSDB4sAuxHA8S9jKdjoDPQCAw3nyF2wTlSIntOekIVTka9t93a8pcf4bwIBshyb9xvqXaD6Y1PP6nTMq6KgIsNob3DxY45qENLioXMwQZOKz0zFB-imgBEciM_k7SO7Yoc45DTczXJ1C_bHAdzORxGbS94Tcgbr3t4lNfl6qq6SlC_ndoeKPNpjKLs-VgR-42-IvwKbBtw1adpobd6gWWymFDt8lW6vxwAk1UXJaulIScAsD3atdXDglMABIIywgiOuvozVQYlGxEOOVBATxslztlzBxZJkxxf4i6VrRoWk2fTsGQv44AFYcLMzKAAoiB0q_rFDOsstWLQybv-1_jcy63YNj3NKE4X1tWTSK9j76MgNWmLEzLNGwOBVOmTSxgfCqNbhv_ISG0nyAttzSd_aZqQvAJZy3j77gu7Ez5yQlkUMrLLNqtRkkWiTfpUXcAtVm23689yirVhGMOs52RY1Fg55NYwei_IqAfnZEQCDTnvcY71jAPoRxHwYxBLp1W2ZG1d9XfDduE0yoa3b5dBsrZjAtsAr7nVDTNGPQhExCgA52dWFCytJNQmwSUhNXWA5gdavdmc9zlpyWEAn1IrSTnkOhiyfo4wZ8DW2mTkrMhWrz7-FL8WVK-09HYLZMMbM13GwdpGssFovaqyE7T4s7Pn58mBtD_rnJIRbNZz3bD7KVsVhB8VFJeO9pmADmhBxAOqcLQYWkPMymd4eJDy_5uPJ2Gp0nhtl8fD0YbiG1M-ZLNW6i0qdveRX3zlDkCVQQ_vnaViEDJRQ1ykWDuuqScWqnPmnPG8tcSZBTgejP1y8jBs_IeyxCITVFMe37Le4WpyNEf6u9gK_3BbxtoBVYq4XczpZwIEssKkB1lU&flowName=GeneralOAuthLite&continue=https%3A%2F%2Faccounts.google.com%2Fsignin%2Foauth%2Flegacy%2Fconsent%3Fauthuser%3Dunknown%26part%3DAJi8hAMGj7avt2OldV-wRRq_u6-1Ac5WnPbLkW9gpmi0oTeKLvCLqliWjsgoTbJHl-g1wAnPDyEXNZPTpa-u4ZqanTkbQUCE9QBpg6GZiV15bGRQ3Xx3NVbc3eAj4OnCd5g3-JEdRgv6FKrpqosAO4Aa6cemhoSWP8MEZzi0q6lnudNaP1gvp328lCu5wIxvtmcYMV4t4eT-hLgo4X624YUmxsSVNWrglubBeOKfBcUPj-V94hDzamUfKPceK9LEvU1EEyRL10Xkw_Uj8D4QENS2ZYQNlgZiPe4Ewvw5hwcl9Mg6Kb5WP4V9r-_1YjtXuBKSp8i3APM7sjdF0Fuml1r_UM6iFVCHTIXMdVhmlVyaWJgVuvoGowxEMXxPaStZMXhJUiS9KwInUOdLoPlXCAO_27qp0AHpv4LMZx78cPMo66w-Olc3aqY7KpB7C0lnWGurEWtnTpJKJ8dubGIfoRHFLWL16uf5DA%26flowName%3DGeneralOAuthFlow%26as%3DS-804632959%253A1775871145685860%26client_id%3D680798221484-ttml4pots4g45halm91eu3bok9a9nnu5.apps.googleusercontent.com%23&app_domain=https%3A%2F%2Fiap.googleapis.com&rart=ANgoxcfn1bGv9slQBxGz8Apk56ZrtVfQyG_PlgoffMBi7oRyBLncAR9jGI-mcQZqA7AhWuNA2F6p5o5nlithXhN6-GsjV_X04sjkpJkUvUJvB5efrxsTv7M → 403 (66ms, ?B)
[2026-04-11T01:32:25.819Z] GET https://growth-web-dev-tool.mesh.sc-corp.net/api/open-sesame → 307 (122ms, ?B)
[2026-04-11T01:32:25.942Z] GET https://growth-web-dev-tool.mesh.sc-corp.net/__gcp_iap_oauth_prompt/api/open-sesame → 302 (74ms, ?B)
[2026-04-11T01:32:26.016Z] GET https://accounts.google.com/o/oauth2/v2/auth?client_id=680798221484-ttml4pots4g45halm91eu3bok9a9nnu5.apps.googleusercontent.com&response_type=code&scope=openid+email&redirect_uri=https://iap.googleapis.com/v1/oauth/clientIds/680798221484-ttml4pots4g45halm91eu3bok9a9nnu5.apps.googleusercontent.com:handleRedirect&code_challenge=Tg3U-GAlMmqogMXUdKv72eGSRtvojpt6kMLYgyPxi3M&code_challenge_method=S256&cred_ref=true&state=AUKY-CwE9PbKWfAJ-em2ocIRSJYIfKPRGB6iTPYRnBGb0vM5Wzk8xC_BFtjAe61ZDswn3KMQoEDr8eXsq7dXnWdC5wZemR8GsqbrSOaNHpvIf4HMCUyvhOO7uz96ve2lIPH1NHWhYaKc49Fpebz1PICJFYVpIYUX3jEmRL74g8IFlZYrfFOV7sVFzEwL91__K86k1yuQR5-Uw8eT9YR2tOCd9Oze7Z_XZWArZrtoSQsijyD0UEFLxuEilsY3slDL0Xm1tV65Ecsdwlu5C18FDeINyfE-ErMQHqAfIi9UkudW-tCF4yK_l-6gf1BcX3mm9p9FkTcfoIJcdFwmP6sqBaNQ_DR_kB9rrsYWC3s_TO8VS3EHVSpSaafNycsQQh_ljQihWdIGq1muYEQ_2SOvrnpxY0NF_m2WMfTDMk_H-pXCnws-1yn-XbpH2_4gLw1_TuDPaoqU4JSMNzTBGdE-WOiSvm_slDccnxgepWY_6DmKS6MN662PGN2wpkU-9R2iZaADrCbOY59lB-wJbGJIm_Yff9jswqPg_YRlWWmDaS_R8_ovKDB3itmuo4qmMhCcEb_Tz6KGVd_59xx1GLesu0ynANpbpqiCdO112r6xDCKdN336UCWR0sYt3KwhR5d-K24kHp-Icuakn_33b0atdkaKxu8q4qvaJTAVKooiK1I9ZvoU5cTjCxi4r7hKf9HROYf2_r0kpFD7s_7pvOLYzgdiMs5gDJZa5_D2JurHjsDEd2TyeEQIPXFoNeOwzxnTOS1TtZGqxnJ7uTKkN9l9rOJNOZUhH4QFMZM-IKqyzXKgM6T3iVVj7PxzO3OOWH7CVrvkEugQGUc1xe6lvQciwXeTncayQcqEjTs5F67DbVCXimrudgea0_DMvMhVg_ILTpCGosheUJhInnqNXAjhEeQLn9seN2R2QC9SLfT06geTDXX38KH1NhJPWmFaim6a61a-pvQNe9rsT3mBXKnm-p5ExbSj3INAjyJSFhDLp2ZNmNUeTNJPNLbYMWK41upw03BhBfd_vBTMQUC2mZNW4K5Kuv0mwUL6n2YqhKrI5Hsw7ENWV5ljq5ofwBkaLdr3zcT2v-uCJraeRVJYH6zpeUFhTA7yw-VKR9ZR3s9dSiAwmOhYBFX4C9HUIuacsO9Dv4qPpIZEYK_PU0CD-KmHkCx9JIwkrCasvXau69EMKw4uoPS76cauSuVfGnWFupigI0npVxWenh-KVU6pXLh_vHvJjQIryltaFl_NxuK2K3IkjGzoE-2-aQLyrSteI4MHQP1n8qAfhBDk2c5Slm71DKdfdCJfpnn6CC8C-bX8yk2uVGWqz5kj6DzUUaUjQ_A17k8XeFADjF5zchVWsKSI-VCmazlZqeBQLFBJLtlUhli2vBsgtQL8oK1GcGGa29HmH-SrmSamokzwpdWLENCZ3o13iUfIwHokaz2fnZ3UkeVT → pending (?ms, ?B)
[2026-04-11T01:32:26.595Z] POST https://us-central1-gcp.api.snapchat.com/web-analytics/web/events → 200 (79ms, ?B)
[2026-04-11T01:32:29.466Z] POST https://gcp.api.snapchat.com/web/metrics → 200 (148ms, ?B)
[2026-04-11T01:32:29.467Z] POST https://gcp.api.snapchat.com/web/metrics → 200 (147ms, ?B)
[2026-04-11T01:32:29.593Z] POST https://us-central1-gcp.api.snapchat.com/web-analytics/web/events → 200 (96ms, ?B)
[2026-04-11T01:32:30.085Z] POST https://www.google-analytics.com/g/collect?v=2&tid=G-DPDHJB4310&gtm=45je6481v893370716za200zd893370716&_p=1775871144441&gcd=13l3l3l3l1l1&npa=0&dma=0&_eu=AAAAAAQ&are=1&cid=296121086.1775871144&frm=0&pscdl=noapi&rcb=15&sr=1280x720&uaa=arm&uab=64&uafvl=Not%253AA-Brand%3B99.0.0.0%7CHeadlessChrome%3B145.0.7632.6%7CChromium%3B145.0.7632.6&uam=&uamb=0&uap=macOS&uapv=26.3.0&uaw=0&ul=en-us&_s=2&tag_exp=0~115938465~115938468~118442252&sid=1775871144&sct=1&seg=0&dl=https%3A%2F%2Fwww.snapchat.com%2F&dt=Snapchat%20-%20Say%20It%20In%20A%20Snap&en=config_exposure&_ee=1&ep.flag=REMOVE_PHONE_LOGIN_AB%3Acontrol&_et=630&tfd=6916 → 204 (72ms, ?B)
[2026-04-11T01:32:34.521Z] POST https://gcp.api.snapchat.com/web/metrics → 200 (22ms, ?B)
[2026-04-11T01:32:34.522Z] POST https://gcp.api.snapchat.com/web/metrics → 200 (21ms, ?B)
[2026-04-11T01:32:44.495Z] POST https://gcp.api.snapchat.com/web/metrics → 200 (69ms, ?B)
[2026-04-11T01:33:29.575Z] POST https://gcp.api.snapchat.com/web/metrics → 200 (113ms, ?B)
[2026-04-11T01:34:24.603Z] POST https://gcp.api.snapchat.com/web/metrics → 200 (131ms, ?B)
[2026-04-11T01:34:29.477Z] POST https://gcp.api.snapchat.com/web/metrics → 200 (63ms, ?B)
[2026-04-11T01:35:29.538Z] POST https://gcp.api.snapchat.com/web/metrics → 200 (170ms, ?B)
[2026-04-11T01:36:24.986Z] POST https://gcp.api.snapchat.com/web/metrics → 200 (152ms, ?B)
[2026-04-11T01:36:29.468Z] POST https://gcp.api.snapchat.com/web/metrics → 200 (70ms, ?B)
[2026-04-11T01:37:29.522Z] POST https://gcp.api.snapchat.com/web/metrics → pending (?ms, ?B)
[2026-04-11T01:38:24.481Z] POST https://gcp.api.snapchat.com/web/metrics → pending (?ms, ?B)
[2026-04-11T01:38:29.469Z] POST https://gcp.api.snapchat.com/web/metrics → 200 (67ms, ?B)
[2026-04-11T01:39:29.567Z] POST https://gcp.api.snapchat.com/web/metrics → pending (?ms, ?B)
[2026-04-11T01:40:24.557Z] POST https://gcp.api.snapchat.com/web/metrics → pending (?ms, ?B)
[2026-04-11T01:40:29.469Z] POST https://gcp.api.snapchat.com/web/metrics → pending (?ms, ?B)
[2026-04-11T01:41:29.554Z] POST https://gcp.api.snapchat.com/web/metrics → pending (?ms, ?B)
[2026-04-11T01:42:24.482Z] POST https://gcp.api.snapchat.com/web/metrics → 200 (94ms, ?B)
[2026-04-11T01:42:29.470Z] POST https://gcp.api.snapchat.com/web/metrics → 200 (146ms, ?B)
[2026-04-11T01:43:29.543Z] POST https://gcp.api.snapchat.com/web/metrics → pending (?ms, ?B)
[2026-04-11T01:44:24.497Z] POST https://gcp.api.snapchat.com/web/metrics → 200 (97ms, ?B)
[2026-04-11T01:44:29.470Z] POST https://gcp.api.snapchat.com/web/metrics → 200 (71ms, ?B)
[2026-04-11T01:45:29.473Z] POST https://gcp.api.snapchat.com/web/metrics → 200 (279ms, ?B)
[2026-04-11T01:46:24.468Z] POST https://gcp.api.snapchat.com/web/metrics → 200 (106ms, ?B)
[2026-04-11T01:46:29.474Z] POST https://gcp.api.snapchat.com/web/metrics → 200 (112ms, ?B)
[2026-04-11T01:47:29.507Z] POST https://gcp.api.snapchat.com/web/metrics → 200 (152ms, ?B)
[2026-04-11T01:48:24.556Z] POST https://gcp.api.snapchat.com/web/metrics → 200 (142ms, ?B)
[2026-04-11T01:48:29.482Z] POST https://gcp.api.snapchat.com/web/metrics → 200 (104ms, ?B)
[2026-04-11T01:49:29.592Z] POST https://gcp.api.snapchat.com/web/metrics → 200 (218ms, ?B)
[2026-04-11T01:50:24.483Z] POST https://gcp.api.snapchat.com/web/metrics → 200 (104ms, ?B)
[2026-04-11T01:50:29.487Z] POST https://gcp.api.snapchat.com/web/metrics → 200 (52ms, ?B)
[2026-04-11T01:51:29.473Z] POST https://gcp.api.snapchat.com/web/metrics → 200 (144ms, ?B)
[2026-04-11T01:52:24.473Z] POST https://gcp.api.snapchat.com/web/metrics → 200 (116ms, ?B)
[2026-04-11T01:52:29.481Z] POST https://gcp.api.snapchat.com/web/metrics → 200 (103ms, ?B)
[2026-04-11T01:53:29.539Z] POST https://gcp.api.snapchat.com/web/metrics → 200 (370ms, ?B)
[2026-04-11T01:54:24.548Z] POST https://gcp.api.snapchat.com/web/metrics → 200 (133ms, ?B)
[2026-04-11T01:54:29.488Z] POST https://gcp.api.snapchat.com/web/metrics → pending (?ms, ?B)
[2026-04-11T01:55:29.801Z] POST https://gcp.api.snapchat.com/web/metrics → 200 (484ms, ?B)
[2026-04-11T01:56:24.554Z] POST https://gcp.api.snapchat.com/web/metrics → pending (?ms, ?B)
[2026-04-11T01:56:29.480Z] POST https://gcp.api.snapchat.com/web/metrics → 200 (70ms, ?B)
[2026-04-11T01:57:29.554Z] POST https://gcp.api.snapchat.com/web/metrics → pending (?ms, ?B)
[2026-04-11T01:58:24.557Z] POST https://gcp.api.snapchat.com/web/metrics → 200 (145ms, ?B)
[2026-04-11T01:58:29.468Z] POST https://gcp.api.snapchat.com/web/metrics → 200 (66ms, ?B)
[2026-04-11T01:59:29.481Z] POST https://gcp.api.snapchat.com/web/metrics → 200 (169ms, ?B)
[2026-04-11T02:00:24.473Z] POST https://gcp.api.snapchat.com/web/metrics → 200 (155ms, ?B)
[2026-04-11T02:00:29.462Z] POST https://gcp.api.snapchat.com/web/metrics → 200 (71ms, ?B)
[2026-04-11T02:01:29.541Z] POST https://gcp.api.snapchat.com/web/metrics → 200 (165ms, ?B)
[2026-04-11T02:02:24.482Z] POST https://gcp.api.snapchat.com/web/metrics → 200 (174ms, ?B)
[2026-04-11T02:02:24.656Z] POST https://us-central1-gcp.api.snapchat.com/web-analytics/web/events → 200 (278ms, ?B)
[2026-04-11T02:02:29.486Z] POST https://gcp.api.snapchat.com/web/metrics → 200 (180ms, ?B)
[2026-04-11T02:02:29.486Z] POST https://gcp.api.snapchat.com/web/metrics → 200 (73ms, ?B)
